Component: ARM Compiler 5.06 update 4 (build 422) Tool: armlink [4d35d2]

==============================================================================

Section Cross References

    system_stm32f10x.o(i.SetSysClock) refers to system_stm32f10x.o(i.SetSysClockTo72) for SetSysClockTo72
    system_stm32f10x.o(i.SystemCoreClockUpdate) refers to system_stm32f10x.o(.data) for SystemCoreClock
    system_stm32f10x.o(i.SystemInit) refers to system_stm32f10x.o(i.SetSysClock) for SetSysClock
    startup_stm32f10x_md.o(STACK) refers (Special) to heapauxi.o(.text) for __use_two_region_memory
    startup_stm32f10x_md.o(HEAP) refers (Special) to heapauxi.o(.text) for __use_two_region_memory
    startup_stm32f10x_md.o(RESET) refers (Special) to heapauxi.o(.text) for __use_two_region_memory
    startup_stm32f10x_md.o(RESET) refers to startup_stm32f10x_md.o(STACK) for __initial_sp
    startup_stm32f10x_md.o(RESET) refers to startup_stm32f10x_md.o(.text) for Reset_Handler
    startup_stm32f10x_md.o(RESET) refers to tda5235.o(i.EXTI0_IRQHandler) for EXTI0_IRQHandler
    startup_stm32f10x_md.o(RESET) refers to tim.o(i.TIM3_IRQHandler) for TIM3_IRQHandler
    startup_stm32f10x_md.o(RESET) refers to usart.o(i.USART1_IRQHandler) for USART1_IRQHandler
    startup_stm32f10x_md.o(.text) refers (Special) to heapauxi.o(.text) for __use_two_region_memory
    startup_stm32f10x_md.o(.text) refers to __main.o(!!!main) for __main
    startup_stm32f10x_md.o(.text) refers to startup_stm32f10x_md.o(HEAP) for Heap_Mem
    startup_stm32f10x_md.o(.text) refers to startup_stm32f10x_md.o(STACK) for Stack_Mem
    stm32f10x_adc.o(i.ADC_DeInit) refers to stm32f10x_rcc.o(i.RCC_APB2PeriphResetCmd) for RCC_APB2PeriphResetCmd
    stm32f10x_bkp.o(i.BKP_DeInit) refers to stm32f10x_rcc.o(i.RCC_BackupResetCmd) for RCC_BackupResetCmd
    stm32f10x_can.o(i.CAN_DeInit) refers to stm32f10x_rcc.o(i.RCC_APB1PeriphResetCmd) for RCC_APB1PeriphResetCmd
    stm32f10x_can.o(i.CAN_GetITStatus) refers to stm32f10x_can.o(i.CheckITStatus) for CheckITStatus
    stm32f10x_cec.o(i.CEC_DeInit) refers to stm32f10x_rcc.o(i.RCC_APB1PeriphResetCmd) for RCC_APB1PeriphResetCmd
    stm32f10x_dac.o(i.DAC_DeInit) refers to stm32f10x_rcc.o(i.RCC_APB1PeriphResetCmd) for RCC_APB1PeriphResetCmd
    stm32f10x_flash.o(i.FLASH_EnableWriteProtection) refers to stm32f10x_flash.o(i.FLASH_WaitForLastOperation) for FLASH_WaitForLastOperation
    stm32f10x_flash.o(i.FLASH_EraseAllBank1Pages) refers to stm32f10x_flash.o(i.FLASH_WaitForLastBank1Operation) for FLASH_WaitForLastBank1Operation
    stm32f10x_flash.o(i.FLASH_EraseAllPages) refers to stm32f10x_flash.o(i.FLASH_WaitForLastOperation) for FLASH_WaitForLastOperation
    stm32f10x_flash.o(i.FLASH_EraseOptionBytes) refers to stm32f10x_flash.o(i.FLASH_GetReadOutProtectionStatus) for FLASH_GetReadOutProtectionStatus
    stm32f10x_flash.o(i.FLASH_EraseOptionBytes) refers to stm32f10x_flash.o(i.FLASH_WaitForLastOperation) for FLASH_WaitForLastOperation
    stm32f10x_flash.o(i.FLASH_ErasePage) refers to stm32f10x_flash.o(i.FLASH_WaitForLastOperation) for FLASH_WaitForLastOperation
    stm32f10x_flash.o(i.FLASH_ProgramHalfWord) refers to stm32f10x_flash.o(i.FLASH_WaitForLastOperation) for FLASH_WaitForLastOperation
    stm32f10x_flash.o(i.FLASH_ProgramOptionByteData) refers to stm32f10x_flash.o(i.FLASH_WaitForLastOperation) for FLASH_WaitForLastOperation
    stm32f10x_flash.o(i.FLASH_ProgramWord) refers to stm32f10x_flash.o(i.FLASH_WaitForLastOperation) for FLASH_WaitForLastOperation
    stm32f10x_flash.o(i.FLASH_ReadOutProtection) refers to stm32f10x_flash.o(i.FLASH_WaitForLastOperation) for FLASH_WaitForLastOperation
    stm32f10x_flash.o(i.FLASH_UserOptionByteConfig) refers to stm32f10x_flash.o(i.FLASH_WaitForLastOperation) for FLASH_WaitForLastOperation
    stm32f10x_flash.o(i.FLASH_WaitForLastBank1Operation) refers to stm32f10x_flash.o(i.FLASH_GetBank1Status) for FLASH_GetBank1Status
    stm32f10x_flash.o(i.FLASH_WaitForLastOperation) refers to stm32f10x_flash.o(i.FLASH_GetBank1Status) for FLASH_GetBank1Status
    stm32f10x_gpio.o(i.GPIO_AFIODeInit) refers to stm32f10x_rcc.o(i.RCC_APB2PeriphResetCmd) for RCC_APB2PeriphResetCmd
    stm32f10x_gpio.o(i.GPIO_DeInit) refers to stm32f10x_rcc.o(i.RCC_APB2PeriphResetCmd) for RCC_APB2PeriphResetCmd
    stm32f10x_i2c.o(i.I2C_DeInit) refers to stm32f10x_rcc.o(i.RCC_APB1PeriphResetCmd) for RCC_APB1PeriphResetCmd
    stm32f10x_i2c.o(i.I2C_Init) refers to stm32f10x_rcc.o(i.RCC_GetClocksFreq) for RCC_GetClocksFreq
    stm32f10x_pwr.o(i.PWR_DeInit) refers to stm32f10x_rcc.o(i.RCC_APB1PeriphResetCmd) for RCC_APB1PeriphResetCmd
    stm32f10x_rcc.o(i.RCC_GetClocksFreq) refers to stm32f10x_rcc.o(.data) for APBAHBPrescTable
    stm32f10x_rcc.o(i.RCC_WaitForHSEStartUp) refers to stm32f10x_rcc.o(i.RCC_GetFlagStatus) for RCC_GetFlagStatus
    stm32f10x_rtc.o(i.RTC_SetAlarm) refers to stm32f10x_rtc.o(i.RTC_EnterConfigMode) for RTC_EnterConfigMode
[...]
    Removing display.o(i.Display_Temperature3), (120 bytes).
    Removing display.o(i.Display_Temperature4), (120 bytes).
    Removing display.o(i.Display_Unique_ID_NULL1), (80 bytes).
    Removing display.o(i.Display_Unique_ID_NULL2), (80 bytes).
    Removing display.o(i.Display_Unique_ID_NULL3), (80 bytes).
    Removing display.o(i.Display_Unique_ID_NULL4), (80 bytes).
    Removing display.o(i.Display_User_ID), (108 bytes).
    Removing display.o(i.Display_User_ID_NULL), (64 bytes).
    Removing display.o(i.Display_Voltage), (124 bytes).
    Removing oled.o(i.OLED_Display_Off), (22 bytes).
    Removing oled.o(i.OLED_Display_On), (22 bytes).
    Removing sp37data.o(i.SP37_Cal_Acceleration), (48 bytes).
    Removing sp37data.o(i.SP37_Cal_Pressure), (56 bytes).
    Removing tda5235.o(i.TDA5235_Read_Register), (48 bytes).
    Removing tda5235.o(i.TDA5235_Read_Register_Burst), (68 bytes).
    Removing tda5235.o(i.TDA5235_Write_Register_Burst), (68 bytes).

466 unused section(s) (total 20400 bytes) removed from the image.

==============================================================================

Image Symbol Table

    Local Symbols

    Symbol Name                              Value     Ov Type        Size  Object(Section)

    ../clib/angel/boardlib.s                 0x00000000   Number         0  boardinit3.o ABSOLUTE
    ../clib/angel/boardlib.s                 0x00000000   Number         0  boardshut.o ABSOLUTE
    ../clib/angel/boardlib.s                 0x00000000   Number         0  boardinit1.o ABSOLUTE
    ../clib/angel/boardlib.s                 0x00000000   Number         0  boardinit2.o ABSOLUTE
    ../clib/angel/handlers.s                 0x00000000   Number         0  __scatter_copy.o ABSOLUTE
    ../clib/angel/handlers.s                 0x00000000   Number         0  __scatter_zi.o ABSOLUTE
    ../clib/angel/kernel.s                   0x00000000   Number         0  __rtentry2.o ABSOLUTE
    ../clib/angel/kernel.s                   0x00000000   Number         0  rtexit.o ABSOLUTE
    ../clib/angel/kernel.s                   0x00000000   Number         0  __rtentry.o ABSOLUTE
    ../clib/angel/kernel.s                   0x00000000   Number         0  __rtentry4.o ABSOLUTE
    ../clib/angel/kernel.s                   0x00000000   Number         0  rtexit2.o ABSOLUTE
    ../clib/angel/rt.s                       0x00000000   Number         0  rt_raise.o ABSOLUTE
    ../clib/angel/scatter.s                  0x00000000   Number         0  __scatter.o ABSOLUTE
    ../clib/angel/startup.s                  0x00000000   Number         0  __main.o ABSOLUTE
    ../clib/angel/sys.s                      0x00000000   Number         0  libspace.o ABSOLUTE
    ../clib/angel/sys.s                      0x00000000   Number         0  use_no_semi.o ABSOLUTE
    ../clib/angel/sys.s                      0x00000000   Number         0  use_no_semi_2.o ABSOLUTE
    ../clib/angel/sys.s                      0x00000000   Number         0  indicate_semi.o ABSOLUTE
    ../clib/angel/sys.s                      0x00000000   Number         0  sys_stackheap_outer.o ABSOLUTE
    ../clib/angel/sysapp.c                   0x00000000   Number         0  sys_command.o ABSOLUTE
    ../clib/angel/sysapp.c                   0x00000000   Number         0  sys_wrch.o ABSOLUTE
    ../clib/armsys.c                         0x00000000   Number         0  argv_veneer.o ABSOLUTE
    ../clib/armsys.c                         0x00000000   Number         0  no_argv.o ABSOLUTE
    ../clib/armsys.c                         0x00000000   Number         0  _get_argv_nomalloc.o ABSOLUTE
    ../clib/armsys.c                         0x00000000   Number         0  argv_veneer.o ABSOLUTE
    ../clib/heapalloc.c                      0x00000000   Number         0  hrguard.o ABSOLUTE
    ../clib/heapaux.c                        0x00000000   Number         0  heapauxi.o ABSOLUTE
    ../clib/libinit.s                        0x00000000   Number         0  libinit.o ABSOLUTE
    ../clib/libinit.s                        0x00000000   Number         0  libshutdown2.o ABSOLUTE
    ../clib/libinit.s                        0x00000000   Number         0  libinit2.o ABSOLUTE
    ../clib/libinit.s                        0x00000000   Number         0  libshutdown.o ABSOLUTE
    ../clib/memcpset.s                       0x00000000   Number         0  rt_memclr_w.o ABSOLUTE
    ../clib/signal.c                         0x00000000   Number         0  defsig_cppl_inner.o ABSOLUTE
    ../clib/signal.c                         0x00000000   Number         0  defsig_segv_inner.o ABSOLUTE
    ../clib/signal.c                         0x00000000   Number         0  defsig_other.o ABSOLUTE
    ../clib/signal.c                         0x00000000   Number         0  defsig_rtmem_formal.o ABSOLUTE
    ../clib/signal.c                         0x00000000   Number         0  defsig_rtmem_outer.o ABSOLUTE
    ../clib/signal.c                         0x00000000   Number         0  defsig_general.o ABSOLUTE
    ../clib/signal.c                         0x00000000   Number         0  defsig_exit.o ABSOLUTE
    ../clib/signal.c                         0x00000000   Number         0  defsig_rtmem_inner.o ABSOLUTE
    ../clib/signal.c                         0x00000000   Number         0  __raise.o ABSOLUTE
    ../clib/signal.c                         0x00000000   Number         0  defsig_abrt_inner.o ABSOLUTE
    ../clib/signal.c                         0x00000000   Number         0  defsig_fpe_inner.o ABSOLUTE
    ../clib/signal.c                         0x00000000   Number         0  defsig_rtred_inner.o ABSOLUTE
    ../clib/signal.c                         0x00000000   Number         0  defsig_stak_inner.o ABSOLUTE
    ../clib/signal.c                         0x00000000   Number         0  defsig_pvfn_inner.o ABSOLUTE
    ../clib/signal.s                         0x00000000   Number         0  defsig.o ABSOLUTE
    ../clib/stdlib.c                         0x00000000   Number         0  exit.o ABSOLUTE
    ../fplib/d2f.s                           0x00000000   Number         0  d2f.o ABSOLUTE
    ../fplib/daddsub.s                       0x00000000   Number         0  daddsub_clz.o ABSOLUTE
    ../fplib/dcmpi.s                         0x00000000   Number         0  dcmpi.o ABSOLUTE
    ../fplib/ddiv.s                          0x00000000   Number         0  ddiv.o ABSOLUTE
    ../fplib/dfixu.s                         0x00000000   Number         0  dfixu.o ABSOLUTE
    ../fplib/dflt.s                          0x00000000   Number         0  dflt_clz.o ABSOLUTE
    ../fplib/dleqf.s                         0x00000000   Number         0  dleqf.o ABSOLUTE
    ../fplib/dmul.s                          0x00000000   Number         0  dmul.o ABSOLUTE
    ../fplib/dnaninf.s                       0x00000000   Number         0  dnaninf.o ABSOLUTE
    ../fplib/dretinf.s                       0x00000000   Number         0  dretinf.o ABSOLUTE
    ../fplib/f2d.s                           0x00000000   Number         0  f2d.o ABSOLUTE
    ../fplib/faddsub.s                       0x00000000   Number         0  faddsub_clz.o ABSOLUTE
    ../fplib/fcmpi.s                         0x00000000   Number         0  fcmpi.o ABSOLUTE
    ../fplib/ffix.s                          0x00000000   Number         0  ffix.o ABSOLUTE
    ../fplib/ffixu.s                         0x00000000   Number         0  ffixu.o ABSOLUTE
    ../fplib/fflt.s                          0x00000000   Number         0  fflt_clz.o ABSOLUTE
    ../fplib/fleqf.s                         0x00000000   Number         0  fleqf.o ABSOLUTE
    ../fplib/fmul.s                          0x00000000   Number         0  fmul.o ABSOLUTE
    ../fplib/fnaninf.s                       0x00000000   Number         0  fnaninf.o ABSOLUTE
    ../fplib/fpinit.s                        0x00000000   Number         0  fpinit.o ABSOLUTE
    ../fplib/fretinf.s                       0x00000000   Number         0  fretinf.o ABSOLUTE
    ../fplib/usenofp.s                       0x00000000   Number         0  usenofp.o ABSOLUTE
    ..\\src\\CMSIS\\CM3\\CoreSupport\\core_cm3.c 0x00000000   Number         0  core_cm3.o ABSOLUTE
    ..\src\CMSIS\CM3\CoreSupport\core_cm3.c  0x00000000   Number         0  core_cm3.o ABSOLUTE
    ..\src\CMSIS\CM3\DeviceSupport\ST\STM32F10x\startup\arm\startup_stm32f10x_md.s 0x00000000   Number         0  startup_stm32f10x_md.o ABSOLUTE
    ..\src\CMSIS\CM3\DeviceSupport\ST\STM32F10x\system_stm32f10x.c 0x00000000   Number         0  system_stm32f10x.o ABSOLUTE
    ..\src\STM32F10x_StdPeriph_Driver\src\misc.c 0x00000000   Number         0  misc.o ABSOLUTE
    ..\src\STM32F10x_StdPeriph_Driver\src\stm32f10x_adc.c 0x00000000   Number         0  stm32f10x_adc.o ABSOLUTE
    ..\src\STM32F10x_StdPeriph_Driver\src\stm32f10x_bkp.c 0x00000000   Number         0  stm32f10x_bkp.o ABSOLUTE
    ..\src\STM32F10x_StdPeriph_Driver\src\stm32f10x_can.c 0x00000000   Number         0  stm32f10x_can.o ABSOLUTE
    ..\src\STM32F10x_StdPeriph_Driver\src\stm32f10x_cec.c 0x00000000   Number         0  stm32f10x_cec.o ABSOLUTE
    ..\src\STM32F10x_StdPeriph_Driver\src\stm32f10x_crc.c 0x00000000   Number         0  stm32f10x_crc.o ABSOLUTE
    ..\src\STM32F10x_StdPeriph_Driver\src\stm32f10x_dac.c 0x00000000   Number         0  stm32f10x_dac.o ABSOLUTE
    ..\src\STM32F10x_StdPeriph_Driver\src\stm32f10x_dbgmcu.c 0x00000000   Number         0  stm32f10x_dbgmcu.o ABSOLUTE
    ..\src\STM32F10x_StdPeriph_Driver\src\stm32f10x_dma.c 0x00000000   Number         0  stm32f10x_dma.o ABSOLUTE
    ..\src\STM32F10x_StdPeriph_Driver\src\stm32f10x_exti.c 0x00000000   Number         0  stm32f10x_exti.o ABSOLUTE
    ..\src\STM32F10x_StdPeriph_Driver\src\stm32f10x_flash.c 0x00000000   Number         0  stm32f10x_flash.o ABSOLUTE
    ..\src\STM32F10x_StdPeriph_Driver\src\stm32f10x_fsmc.c 0x00000000   Number         0  stm32f10x_fsmc.o ABSOLUTE
    ..\src\STM32F10x_StdPeriph_Driver\src\stm32f10x_gpio.c 0x00000000   Number         0  stm32f10x_gpio.o ABSOLUTE
    ..\src\STM32F10x_StdPeriph_Driver\src\stm32f10x_i2c.c 0x00000000   Number         0  stm32f10x_i2c.o ABSOLUTE
    ..\src\STM32F10x_StdPeriph_Driver\src\stm32f10x_iwdg.c 0x00000000   Number         0  stm32f10x_iwdg.o ABSOLUTE
    ..\src\STM32F10x_StdPeriph_Driver\src\stm32f10x_pwr.c 0x00000000   Number         0  stm32f10x_pwr.o ABSOLUTE
    ..\src\STM32F10x_StdPeriph_Driver\src\stm32f10x_rcc.c 0x00000000   Number         0  stm32f10x_rcc.o ABSOLUTE
    ..\src\STM32F10x_StdPeriph_Driver\src\stm32f10x_rtc.c 0x00000000   Number         0  stm32f10x_rtc.o ABSOLUTE
    ..\src\STM32F10x_StdPeriph_Driver\src\stm32f10x_sdio.c 0x00000000   Number         0  stm32f10x_sdio.o ABSOLUTE
    ..\src\STM32F10x_StdPeriph_Driver\src\stm32f10x_spi.c 0x00000000   Number         0  stm32f10x_spi.o ABSOLUTE
    ..\src\STM32F10x_StdPeriph_Driver\src\stm32f10x_tim.c 0x00000000   Number         0  stm32f10x_tim.o ABSOLUTE
    ..\src\STM32F10x_StdPeriph_Driver\src\stm32f10x_usart.c 0x00000000   Number         0  stm32f10x_usart.o ABSOLUTE
    ..\src\STM32F10x_StdPeriph_Driver\src\stm32f10x_wwdg.c 0x00000000   Number         0  stm32f10x_wwdg.o ABSOLUTE
    ..\src\driver\CRC.c                      0x00000000   Number         0  crc.o ABSOLUTE
    ..\src\driver\clock.c                    0x00000000   Number         0  clock.o ABSOLUTE
    ..\src\driver\delay.c                    0x00000000   Number         0  delay.o ABSOLUTE
    ..\src\driver\iic1.c                     0x00000000   Number         0  iic1.o ABSOLUTE
    ..\src\driver\led.c                      0x00000000   Number         0  led.o ABSOLUTE
    ..\src\driver\mysprintf.c                0x00000000   Number         0  mysprintf.o ABSOLUTE
    ..\src\driver\spi.c                      0x00000000   Number         0  spi.o ABSOLUTE
    ..\src\driver\sys.c                      0x00000000   Number         0  sys.o ABSOLUTE
    ..\src\driver\tim.c                      0x00000000   Number         0  tim.o ABSOLUTE
    ..\src\driver\usart.c                    0x00000000   Number         0  usart.o ABSOLUTE
    ..\src\user\SP37Data.c                   0x00000000   Number         0  sp37data.o ABSOLUTE
    ..\src\user\TDA5235.c                    0x00000000   Number         0  tda5235.o ABSOLUTE
    ..\src\user\display.c                    0x00000000   Number         0  display.o ABSOLUTE
    ..\src\user\main.c                       0x00000000   Number         0  main.o ABSOLUTE
    ..\src\user\oled.c                       0x00000000   Number         0  oled.o ABSOLUTE
    dc.s                                     0x00000000   Number         0  dc.o ABSOLUTE
    RESET                                    0x08000000   Section      236  startup_stm32f10x_md.o(RESET)
    !!!main                                  0x080000ec   Section        8  __main.o(!!!main)
    !!!scatter                               0x080000f4   Section       52  __scatter.o(!!!scatter)
    !!handler_copy                           0x08000128   Section       26  __scatter_copy.o(!!handler_copy)
    !!handler_zi                             0x08000144   Section       28  __scatter_zi.o(!!handler_zi)
    .ARM.Collect$$libinit$$00000000          0x08000160   Section        2  libinit.o(.ARM.Collect$$libinit$$00000000)
    .ARM.Collect$$libinit$$00000002          0x08000162   Section        0  libinit2.o(.ARM.Collect$$libinit$$00000002)
    .ARM.Collect$$libinit$$00000004          0x08000162   Section        0  libinit2.o(.ARM.Collect$$libinit$$00000004)
    .ARM.Collect$$libinit$$0000000A          0x08000162   Section        0  libinit2.o(.ARM.Collect$$libinit$$0000000A)
    .ARM.Collect$$libinit$$0000000C          0x08000162   Section        0  libinit2.o(.ARM.Collect$$libinit$$0000000C)
    .ARM.Collect$$libinit$$0000000E          0x08000162   Section        0  libinit2.o(.ARM.Collect$$libinit$$0000000E)
    .ARM.Collect$$libinit$$00000011          0x08000162   Section        0  libinit2.o(.ARM.Collect$$libinit$$00000011)
    .ARM.Collect$$libinit$$00000013          0x08000162   Section        0  libinit2.o(.ARM.Collect$$libinit$$00000013)
    .ARM.Collect$$libinit$$00000015          0x08000162   Section        0  libinit2.o(.ARM.Collect$$libinit$$00000015)
    .ARM.Collect$$libinit$$00000017          0x08000162   Section        0  libinit2.o(.ARM.Collect$$libinit$$00000017)
    .ARM.Collect$$libinit$$00000019          0x08000162   Section        0  libinit2.o(.ARM.Collect$$libinit$$00000019)
    .ARM.Collect$$libinit$$0000001B          0x08000162   Section        0  libinit2.o(.ARM.Collect$$libinit$$0000001B)
    .ARM.Collect$$libinit$$0000001D          0x08000162   Section        0  libinit2.o(.ARM.Collect$$libinit$$0000001D)
    .ARM.Collect$$libinit$$0000001F          0x08000162   Section        0  libinit2.o(.ARM.Collect$$libinit$$0000001F)
    .ARM.Collect$$libinit$$00000021          0x08000162   Section        0  libinit2.o(.ARM.Collect$$libinit$$00000021)
    .ARM.Collect$$libinit$$00000023          0x08000162   Section        0  libinit2.o(.ARM.Collect$$libinit$$00000023)
    .ARM.Collect$$libinit$$00000025          0x08000162   Section        0  libinit2.o(.ARM.Collect$$libinit$$00000025)
    .ARM.Collect$$libinit$$0000002C          0x08000162   Section        0  libinit2.o(.ARM.Collect$$libinit$$0000002C)
    .ARM.Collect$$libinit$$0000002E          0x08000162   Section        0  libinit2.o(.ARM.Collect$$libinit$$0000002E)
    .ARM.Collect$$libinit$$00000030          0x08000162   Section        0  libinit2.o(.ARM.Collect$$libinit$$00000030)
    .ARM.Collect$$libinit$$00000032          0x08000162   Section        0  libinit2.o(.ARM.Collect$$libinit$$00000032)
    .ARM.Collect$$libinit$$00000033          0x08000162   Section        2  libinit2.o(.ARM.Collect$$libinit$$00000033)
    .ARM.Collect$$libshutdown$$00000000      0x08000164   Section        2  libshutdown.o(.ARM.Collect$$libshutdown$$00000000)
    .ARM.Collect$$libshutdown$$00000002      0x08000166   Section        0  libshutdown2.o(.ARM.Collect$$libshutdown$$00000002)
    .ARM.Collect$$libshutdown$$00000004      0x08000166   Section        0  libshutdown2.o(.ARM.Collect$$libshutdown$$00000004)
    .ARM.Collect$$libshutdown$$00000007      0x08000166   Section        0  libshutdown2.o(.ARM.Collect$$libshutdown$$00000007)
    .ARM.Collect$$libshutdown$$0000000A      0x08000166   Section        0  libshutdown2.o(.ARM.Collect$$libshutdown$$0000000A)
    .ARM.Collect$$libshutdown$$0000000C      0x08000166   Section        0  libshutdown2.o(.ARM.Collect$$libshutdown$$0000000C)
    .ARM.Collect$$libshutdown$$0000000F      0x08000166   Section        0  libshutdown2.o(.ARM.Collect$$libshutdown$$0000000F)
    .ARM.Collect$$libshutdown$$00000010      0x08000166   Section        2  libshutdown2.o(.ARM.Collect$$libshutdown$$00000010)
    .ARM.Collect$$rtentry$$00000000          0x08000168   Section        0  __rtentry.o(.ARM.Collect$$rtentry$$00000000)
    .ARM.Collect$$rtentry$$00000002          0x08000168   Section        0  __rtentry2.o(.ARM.Collect$$rtentry$$00000002)
    .ARM.Collect$$rtentry$$00000004          0x08000168   Section        6  __rtentry4.o(.ARM.Collect$$rtentry$$00000004)
    .ARM.Collect$$rtentry$$00000009          0x0800016e   Section        0  __rtentry2.o(.ARM.Collect$$rtentry$$00000009)
    .ARM.Collect$$rtentry$$0000000A          0x0800016e   Section        4  __rtentry2.o(.ARM.Collect$$rtentry$$0000000A)
    .ARM.Collect$$rtentry$$0000000C          0x08000172   Section        0  __rtentry2.o(.ARM.Collect$$rtentry$$0000000C)
    .ARM.Collect$$rtentry$$0000000D          0x08000172   Section        8  __rtentry2.o(.ARM.Collect$$rtentry$$0000000D)
    .ARM.Collect$$rtexit$$00000000           0x0800017a   Section        2  rtexit.o(.ARM.Collect$$rtexit$$00000000)
    .ARM.Collect$$rtexit$$00000002           0x0800017c   Section        0  rtexit2.o(.ARM.Collect$$rtexit$$00000002)
    .ARM.Collect$$rtexit$$00000003           0x0800017c   Section        4  rtexit2.o(.ARM.Collect$$rtexit$$00000003)
    .ARM.Collect$$rtexit$$00000004           0x08000180   Section        6  rtexit2.o(.ARM.Collect$$rtexit$$00000004)
    .text                                    0x08000188   Section       56  startup_stm32f10x_md.o(.text)
    .text                                    0x080001c0   Section        2  use_no_semi_2.o(.text)
    .text                                    0x080001c2   Section       78  rt_memclr_w.o(.text)
    .text                                    0x08000210   Section        0  heapauxi.o(.text)
    .text                                    0x08000216   Section        2  use_no_semi.o(.text)
    .text                                    0x08000218   Section       74  sys_stackheap_outer.o(.text)
    .text                                    0x08000262   Section        0  exit.o(.text)
    .text                                    0x08000274   Section        8  libspace.o(.text)
    i.CRC8_Calc                              0x0800027c   Section        0  crc.o(i.CRC8_Calc)
    i.CRC_Calc                               0x080002b6   Section        0  crc.o(i.CRC_Calc)
    i.Calculate_CRC                          0x080002dc   Section        0  crc.o(i.Calculate_CRC)
    i.Check_ID                               0x080002f8   Section        0  main.o(i.Check_ID)
    i.Check_V                                0x08000394   Section        0  main.o(i.Check_V)
    i.Clock_Init                             0x0800044c   Section        0  clock.o(i.Clock_Init)
    i.Data_Process                           0x080004b8   Section        0  main.o(i.Data_Process)
    i.Display_Http                           0x080006bc   Section        0  display.o(i.Display_Http)
    i.Display_Unique_ID1                     0x080006dc   Section        0  display.o(i.Display_Unique_ID1)
    i.Display_Unique_ID2                     0x08000778   Section        0  display.o(i.Display_Unique_ID2)
    i.Display_Unique_ID3                     0x08000814   Section        0  display.o(i.Display_Unique_ID3)
    i.Display_Unique_ID4                     0x080008b0   Section        0  display.o(i.Display_Unique_ID4)
    i.Display_Version                        0x0800094c   Section        0  display.o(i.Display_Version)
    i.EXTI0_IRQHandler                       0x08000968   Section        0  tda5235.o(i.EXTI0_IRQHandler)
    i.EXTI_ClearITPendingBit                 0x080009c0   Section        0  stm32f10x_exti.o(i.EXTI_ClearITPendingBit)
    i.EXTI_Init                              0x080009cc   Section        0  stm32f10x_exti.o(i.EXTI_Init)
    i.Enter_Study_Mode                       0x08000a60   Section        0  main.o(i.Enter_Study_Mode)
    i.Exit_Study_Mode                        0x08000af4   Section        0  main.o(i.Exit_Study_Mode)
    i.FLASH_ClearFlag                        0x08000b64   Section        0  stm32f10x_flash.o(i.FLASH_ClearFlag)
    i.FLASH_ErasePage                        0x08000b70   Section        0  stm32f10x_flash.o(i.FLASH_ErasePage)
    i.FLASH_GetBank1Status                   0x08000bbc   Section        0  stm32f10x_flash.o(i.FLASH_GetBank1Status)
    i.FLASH_LockBank1                        0x08000bf0   Section        0  stm32f10x_flash.o(i.FLASH_LockBank1)
    i.FLASH_PrefetchBufferCmd                0x08000c04   Section        0  stm32f10x_flash.o(i.FLASH_PrefetchBufferCmd)
    i.FLASH_ProgramWord                      0x08000c20   Section        0  stm32f10x_flash.o(i.FLASH_ProgramWord)
    i.FLASH_SetLatency                       0x08000c8c   Section        0  stm32f10x_flash.o(i.FLASH_SetLatency)
    i.FLASH_UnlockBank1                      0x08000ca4   Section        0  stm32f10x_flash.o(i.FLASH_UnlockBank1)
    i.FLASH_WaitForLastOperation             0x08000cbc   Section        0  stm32f10x_flash.o(i.FLASH_WaitForLastOperation)
    i.GPIO_EXTILineConfig                    0x08000ce4   Section        0  stm32f10x_gpio.o(i.GPIO_EXTILineConfig)
    i.GPIO_Init                              0x08000d24   Section        0  stm32f10x_gpio.o(i.GPIO_Init)
    i.GPIO_ReadOutputDataBit                 0x08000e3a   Section        0  stm32f10x_gpio.o(i.GPIO_ReadOutputDataBit)
    i.GPIO_ResetBits                         0x08000e4c   Section        0  stm32f10x_gpio.o(i.GPIO_ResetBits)
    i.GPIO_SetBits                           0x08000e50   Section        0  stm32f10x_gpio.o(i.GPIO_SetBits)
    i.Get_Save_Flash_ID                      0x08000e54   Section        0  main.o(i.Get_Save_Flash_ID)
    i.IIC1_Init                              0x08000e9c   Section        0  iic1.o(i.IIC1_Init)
    i.IIC1_Send_Byte                         0x08000ed0   Section        0  iic1.o(i.IIC1_Send_Byte)
    i.IIC1_Start                             0x08000f2c   Section        0  iic1.o(i.IIC1_Start)
    i.IIC1_Stop                              0x08000f78   Section        0  iic1.o(i.IIC1_Stop)
    i.IIC1_Wait_Ack                          0x08000fc4   Section        0  iic1.o(i.IIC1_Wait_Ack)
    i.LED_Init                               0x0800101c   Section        0  led.o(i.LED_Init)
    i.LED_ReceiveReverse                     0x08001080   Section        0  led.o(i.LED_ReceiveReverse)
    i.MySprintf_x                            0x080010ac   Section        0  mysprintf.o(i.MySprintf_x)
    i.NVIC_Configuration                     0x08001100   Section        0  sys.o(i.NVIC_Configuration)
    i.NVIC_Init                              0x0800110c   Section        0  misc.o(i.NVIC_Init)
    i.NVIC_PriorityGroupConfig               0x0800117c   Section        0  misc.o(i.NVIC_PriorityGroupConfig)
    i.OLED_Clear                             0x08001190   Section        0  oled.o(i.OLED_Clear)
    i.OLED_Init                              0x080011ce   Section        0  oled.o(i.OLED_Init)
    i.OLED_Send_Command                      0x0800128a   Section        0  oled.o(i.OLED_Send_Command)
    OLED_Send_Command                        0x0800128b   Thumb Code    60  oled.o(i.OLED_Send_Command)
    i.OLED_Send_Data                         0x080012c6   Section        0  oled.o(i.OLED_Send_Data)
    OLED_Send_Data                           0x080012c7   Thumb Code    60  oled.o(i.OLED_Send_Data)
    i.OLED_Set_Pos                           0x08001302   Section        0  oled.o(i.OLED_Set_Pos)
    OLED_Set_Pos                             0x08001303   Thumb Code    36  oled.o(i.OLED_Set_Pos)
    i.OLED_ShowChr                           0x08001328   Section        0  oled.o(i.OLED_ShowChr)
    i.OLED_ShowStr                           0x08001364   Section        0  oled.o(i.OLED_ShowStr)
    i.RCC_ADCCLKConfig                       0x0800139c   Section        0  stm32f10x_rcc.o(i.RCC_ADCCLKConfig)
    i.RCC_APB1PeriphClockCmd                 0x080013b4   Section        0  stm32f10x_rcc.o(i.RCC_APB1PeriphClockCmd)
    i.RCC_APB2PeriphClockCmd                 0x080013d4   Section        0  stm32f10x_rcc.o(i.RCC_APB2PeriphClockCmd)
    i.RCC_DeInit                             0x080013f4   Section        0  stm32f10x_rcc.o(i.RCC_DeInit)
    i.RCC_GetClocksFreq                      0x08001440   Section        0  stm32f10x_rcc.o(i.RCC_GetClocksFreq)
    i.RCC_GetFlagStatus                      0x08001514   Section        0  stm32f10x_rcc.o(i.RCC_GetFlagStatus)
    i.RCC_GetSYSCLKSource                    0x08001550   Section        0  stm32f10x_rcc.o(i.RCC_GetSYSCLKSource)
    i.RCC_HCLKConfig                         0x08001560   Section        0  stm32f10x_rcc.o(i.RCC_HCLKConfig)
    i.RCC_HSICmd                             0x08001578   Section        0  stm32f10x_rcc.o(i.RCC_HSICmd)
    i.RCC_PCLK1Config                        0x08001584   Section        0  stm32f10x_rcc.o(i.RCC_PCLK1Config)
    i.RCC_PCLK2Config                        0x0800159c   Section        0  stm32f10x_rcc.o(i.RCC_PCLK2Config)
    i.RCC_PLLCmd                             0x080015b4   Section        0  stm32f10x_rcc.o(i.RCC_PLLCmd)
    i.RCC_PLLConfig                          0x080015c0   Section        0  stm32f10x_rcc.o(i.RCC_PLLConfig)
    i.RCC_SYSCLKConfig                       0x080015dc   Section        0  stm32f10x_rcc.o(i.RCC_SYSCLKConfig)
    i.ReadFlashNBtye                         0x080015f4   Section        0  main.o(i.ReadFlashNBtye)
    i.SP37_Cal_Pressure_V2                   0x08001614   Section        0  sp37data.o(i.SP37_Cal_Pressure_V2)
    i.SP37_Cal_Temperature                   0x08001644   Section        0  sp37data.o(i.SP37_Cal_Temperature)
    i.SP37_Cal_Voltage                       0x08001674   Section        0  sp37data.o(i.SP37_Cal_Voltage)
    i.SPI1_Init                              0x080016b8   Section        0  spi.o(i.SPI1_Init)
    i.SPI1_ReadWriteByte                     0x08001748   Section        0  spi.o(i.SPI1_ReadWriteByte)
    i.SPI1_SetSpeed                          0x0800179c   Section        0  spi.o(i.SPI1_SetSpeed)
    i.SPI_Cmd                                0x080017c4   Section        0  stm32f10x_spi.o(i.SPI_Cmd)
    i.SPI_I2S_GetFlagStatus                  0x080017dc   Section        0  stm32f10x_spi.o(i.SPI_I2S_GetFlagStatus)
    i.SPI_I2S_ReceiveData                    0x080017ee   Section        0  stm32f10x_spi.o(i.SPI_I2S_ReceiveData)
    i.SPI_I2S_SendData                       0x080017f4   Section        0  stm32f10x_spi.o(i.SPI_I2S_SendData)
    i.SPI_Init                               0x080017f8   Section        0  stm32f10x_spi.o(i.SPI_Init)
    i.Save_ID_Flash                          0x08001834   Section        0  main.o(i.Save_ID_Flash)
    i.Save_ID_Func                           0x08001888   Section        0  main.o(i.Save_ID_Func)
    i.Send_Tire_Data_To_Dvr                  0x08001b48   Section        0  main.o(i.Send_Tire_Data_To_Dvr)
    i.SysTick_CLKSourceConfig                0x08001cb8   Section        0  misc.o(i.SysTick_CLKSourceConfig)
    i.TDA5235_Init                           0x08001ce0   Section        0  tda5235.o(i.TDA5235_Init)
    i.TDA5235_Power                          0x08001d38   Section        0  tda5235.o(i.TDA5235_Power)
    i.TDA5235_Read_FIFO                      0x08001d60   Section        0  tda5235.o(i.TDA5235_Read_FIFO)
    i.TDA5235_Receive_INT_Init               0x08001de0   Section        0  tda5235.o(i.TDA5235_Receive_INT_Init)
    i.TDA5235_SFR_Init                       0x08001e54   Section        0  tda5235.o(i.TDA5235_SFR_Init)
    i.TDA5235_Write_Register                 0x08001e7c   Section        0  tda5235.o(i.TDA5235_Write_Register)
    i.TIM3_Cmd                               0x08001eac   Section        0  tim.o(i.TIM3_Cmd)
    i.TIM3_IRQHandler                        0x08001ec0   Section        0  tim.o(i.TIM3_IRQHandler)
    i.TIM_ClearFlag                          0x08001f64   Section        0  stm32f10x_tim.o(i.TIM_ClearFlag)
    i.TIM_ClearITPendingBit                  0x08001f6a   Section        0  stm32f10x_tim.o(i.TIM_ClearITPendingBit)
    i.TIM_Cmd                                0x08001f70   Section        0  stm32f10x_tim.o(i.TIM_Cmd)
    i.TIM_GetITStatus                        0x08001f88   Section        0  stm32f10x_tim.o(i.TIM_GetITStatus)
    i.TIM_ITConfig                           0x08001faa   Section        0  stm32f10x_tim.o(i.TIM_ITConfig)
    i.TIM_TimeBaseInit                       0x08001fbc   Section        0  stm32f10x_tim.o(i.TIM_TimeBaseInit)
    i.Tim3_Init                              0x08002060   Section        0  tim.o(i.Tim3_Init)
    i.Tire_Change_Location                   0x080020c4   Section        0  main.o(i.Tire_Change_Location)
    i.Tire_Change_Location_ACK               0x080022ac   Section        0  main.o(i.Tire_Change_Location_ACK)
    i.USART1_IRQHandler                      0x08002300   Section        0  usart.o(i.USART1_IRQHandler)
    i.USART1_Init                            0x08002398   Section        0  usart.o(i.USART1_Init)
    i.USART1_PUTC                            0x08002454   Section        0  usart.o(i.USART1_PUTC)
    USART1_PUTC                              0x08002455   Thumb Code    28  usart.o(i.USART1_PUTC)
    i.USART_Cmd                              0x08002474   Section        0  stm32f10x_usart.o(i.USART_Cmd)
    i.USART_GetFlagStatus                    0x0800248c   Section        0  stm32f10x_usart.o(i.USART_GetFlagStatus)
    i.USART_GetITStatus                      0x080024a6   Section        0  stm32f10x_usart.o(i.USART_GetITStatus)
    i.USART_ITConfig                         0x080024fa   Section        0  stm32f10x_usart.o(i.USART_ITConfig)
    i.USART_Init                             0x08002544   Section        0  stm32f10x_usart.o(i.USART_Init)
    i.USART_ReceiveData                      0x0800261c   Section        0  stm32f10x_usart.o(i.USART_ReceiveData)
    i.USART_SendData                         0x08002626   Section        0  stm32f10x_usart.o(i.USART_SendData)
    i.WriteFlashNByte                        0x08002630   Section        0  main.o(i.WriteFlashNByte)
    i._sys_exit                              0x08002688   Section        0  usart.o(i._sys_exit)
    i.delay_init                             0x0800268c   Section        0  delay.o(i.delay_init)
    i.delay_ms                               0x080026d0   Section        0  delay.o(i.delay_ms)
    i.delay_us                               0x0800271c   Section        0  delay.o(i.delay_us)
    i.main                                   0x08002768   Section        0  main.o(i.main)
    x$fpl$d2f                                0x08002924   Section       98  d2f.o(x$fpl$d2f)
    x$fpl$ddiv                               0x08002988   Section      688  ddiv.o(x$fpl$ddiv)
    ddiv_entry                               0x0800298f   Thumb Code     0  ddiv.o(x$fpl$ddiv)
    x$fpl$dfixu                              0x08002c38   Section       90  dfixu.o(x$fpl$dfixu)
    x$fpl$dflt                               0x08002c92   Section       46  dflt_clz.o(x$fpl$dflt)
    x$fpl$dfltu                              0x08002cc0   Section       38  dflt_clz.o(x$fpl$dfltu)
    x$fpl$dnaninf                            0x08002ce6   Section      156  dnaninf.o(x$fpl$dnaninf)
    x$fpl$dretinf                            0x08002d82   Section       12  dretinf.o(x$fpl$dretinf)
    x$fpl$fcmpinf                            0x08002d8e   Section       24  fcmpi.o(x$fpl$fcmpinf)
    x$fpl$ffixu                              0x08002da8   Section       62  ffixu.o(x$fpl$ffixu)
    x$fpl$fleqf                              0x08002de8   Section      104  fleqf.o(x$fpl$fleqf)
    x$fpl$fmul                               0x08002e50   Section      258  fmul.o(x$fpl$fmul)
    x$fpl$fnaninf                            0x08002f52   Section      140  fnaninf.o(x$fpl$fnaninf)
    x$fpl$fretinf                            0x08002fde   Section       10  fretinf.o(x$fpl$fretinf)
    .constdata                               0x08002fe8   Section      576  oled.o(.constdata)
    x$fpl$usenofp                            0x08002fe8   Section        0  usenofp.o(x$fpl$usenofp)
    .constdata                               0x08003228   Section       61  tda5235.o(.constdata)
    .data                                    0x20000000   Section       20  system_stm32f10x.o(.data)
    .data                                    0x20000014   Section       20  stm32f10x_rcc.o(.data)
    APBAHBPrescTable                         0x20000014   Data          16  stm32f10x_rcc.o(.data)
    ADCPrescTable                            0x20000024   Data           4  stm32f10x_rcc.o(.data)
    .data                                    0x20000028   Section        4  delay.o(.data)
    cnt_us                                   0x20000028   Data           1  delay.o(.data)
    cnt_ms                                   0x2000002a   Data           2  delay.o(.data)
    .data                                    0x2000002c   Section        9  tim.o(.data)
    count                                    0x20000034   Data           1  tim.o(.data)
    .data                                    0x20000038   Section        7  usart.o(.data)
    .data                                    0x20000040   Section       28  display.o(.data)
    Count                                    0x20000040   Data           2  display.o(.data)
    lastIDH                                  0x20000042   Data           1  display.o(.data)
    lastIDL                                  0x20000043   Data           1  display.o(.data)
    lastUniqueID                             0x20000044   Data           4  display.o(.data)
    lastUniqueID                             0x20000048   Data           4  display.o(.data)
    lastUniqueID                             0x2000004c   Data           4  display.o(.data)
    lastUniqueID                             0x20000050   Data           4  display.o(.data)
    lastVal                                  0x20000054   Data           4  display.o(.data)
    lastVal                                  0x20000058   Data           4  display.o(.data)
    .data                                    0x2000005c   Section       75  main.o(.data)
    Cont                                     0x200000a2   Data           1  main.o(.data)
    Temp                                     0x200000a3   Data           4  main.o(.data)
    .data                                    0x200000a7   Section        1  tda5235.o(.data)
    .bss                                     0x200000a8   Section      128  usart.o(.bss)
    .bss                                     0x20000128   Section      120  main.o(.bss)
    .bss                                     0x200001a0   Section       64  tda5235.o(.bss)
    .bss                                     0x200001e0   Section       96  libspace.o(.bss)
    HEAP                                     0x20000240   Section      512  startup_stm32f10x_md.o(HEAP)
    Heap_Mem                                 0x20000240   Data         512  startup_stm32f10x_md.o(HEAP)
    STACK                                    0x20000440   Section     1024  startup_stm32f10x_md.o(STACK)
    Stack_Mem                                0x20000440   Data        1024  startup_stm32f10x_md.o(STACK)
    __initial_sp                             0x20000840   Data           0  startup_stm32f10x_md.o(STACK)

    Global Symbols

    Symbol Name                              Value     Ov Type        Size  Object(Section)

    BuildAttributes$$THM_ISAv4$P$D$K$B$S$PE$A:L22UL41UL21$X:L11$S22US41US21$IEEE1$IW$USESV6$~STKCKD$USESV7$~SHL$OSPACE$ROPI$EBA8$UX$STANDARDLIB$REQ8$PRES8$EABIv2 0x00000000   Number         0  anon$$obj.o ABSOLUTE
    __ARM_use_no_argv                        0x00000000   Number         0  main.o ABSOLUTE
    __ARM_exceptions_init                     - Undefined Weak Reference
    __alloca_initialize                       - Undefined Weak Reference
    __arm_preinit_                            - Undefined Weak Reference
    __cpp_initialize__aeabi_                  - Undefined Weak Reference
    __cxa_finalize                            - Undefined Weak Reference
    __rt_locale                               - Undefined Weak Reference
    __sigvec_lookup                           - Undefined Weak Reference
    _atexit_init                              - Undefined Weak Reference
    _call_atexit_fns                          - Undefined Weak Reference
    _clock_init                               - Undefined Weak Reference
    _fp_trap_init                             - Undefined Weak Reference
    _fp_trap_shutdown                         - Undefined Weak Reference
    _get_lc_collate                           - Undefined Weak Reference
    _get_lc_ctype                             - Undefined Weak Reference
    _get_lc_monetary                          - Undefined Weak Reference
    _get_lc_numeric                           - Undefined Weak Reference
    _get_lc_time                              - Undefined Weak Reference
    _getenv_init                              - Undefined Weak Reference
    _handle_redirection                       - Undefined Weak Reference
    _init_alloc                               - Undefined Weak Reference
    _init_user_alloc                          - Undefined Weak Reference
    _initio                                   - Undefined Weak Reference
    _rand_init                                - Undefined Weak Reference
    _signal_finish                            - Undefined Weak Reference
    _signal_init                              - Undefined Weak Reference
    _terminate_alloc                          - Undefined Weak Reference
    _terminate_user_alloc                     - Undefined Weak Reference
    _terminateio                              - Undefined Weak Reference
    __Vectors_Size                           0x000000ec   Number         0  startup_stm32f10x_md.o ABSOLUTE
    __Vectors                                0x08000000   Data           4  startup_stm32f10x_md.o(RESET)
    __Vectors_End                            0x080000ec   Data           0  startup_stm32f10x_md.o(RESET)
    __main                                   0x080000ed   Thumb Code     8  __main.o(!!!main)
    __scatterload                            0x080000f5   Thumb Code     0  __scatter.o(!!!scatter)
    __scatterload_rt2                        0x080000f5   Thumb Code    44  __scatter.o(!!!scatter)
    __scatterload_rt2_thumb_only             0x080000f5   Thumb Code     0  __scatter.o(!!!scatter)
    __scatterload_null                       0x08000103   Thumb Code     0  __scatter.o(!!!scatter)
    __scatterload_copy                       0x08000129   Thumb Code    26  __scatter_copy.o(!!handler_copy)
    __scatterload_zeroinit                   0x08000145   Thumb Code    28  __scatter_zi.o(!!handler_zi)
    __rt_lib_init                            0x08000161   Thumb Code     0  libinit.o(.ARM.Collect$$libinit$$00000000)
    __rt_lib_init_alloca_1                   0x08000163   Thumb Code     0  libinit2.o(.ARM.Collect$$libinit$$0000002E)
    __rt_lib_init_argv_1                     0x08000163   Thumb Code     0  libinit2.o(.ARM.Collect$$libinit$$0000002C)
    __rt_lib_init_atexit_1                   0x08000163   Thumb Code     0  libinit2.o(.ARM.Collect$$libinit$$0000001B)
    __rt_lib_init_clock_1                    0x08000163   Thumb Code     0  libinit2.o(.ARM.Collect$$libinit$$00000021)
    __rt_lib_init_cpp_1                      0x08000163   Thumb Code     0  libinit2.o(.ARM.Collect$$libinit$$00000032)
    __rt_lib_init_exceptions_1               0x08000163   Thumb Code     0  libinit2.o(.ARM.Collect$$libinit$$00000030)
    __rt_lib_init_fp_1                       0x08000163   Thumb Code     0  libinit2.o(.ARM.Collect$$libinit$$00000002)
    __rt_lib_init_fp_trap_1                  0x08000163   Thumb Code     0  libinit2.o(.ARM.Collect$$libinit$$0000001F)
    __rt_lib_init_getenv_1                   0x08000163   Thumb Code     0  libinit2.o(.ARM.Collect$$libinit$$00000023)
    __rt_lib_init_heap_1                     0x08000163   Thumb Code     0  libinit2.o(.ARM.Collect$$libinit$$0000000A)
    __rt_lib_init_lc_collate_1               0x08000163   Thumb Code     0  libinit2.o(.ARM.Collect$$libinit$$00000011)
    __rt_lib_init_lc_ctype_1                 0x08000163   Thumb Code     0  libinit2.o(.ARM.Collect$$libinit$$00000013)
    __rt_lib_init_lc_monetary_1              0x08000163   Thumb Code     0  libinit2.o(.ARM.Collect$$libinit$$00000015)
    __rt_lib_init_lc_numeric_1               0x08000163   Thumb Code     0  libinit2.o(.ARM.Collect$$libinit$$00000017)
    __rt_lib_init_lc_time_1                  0x08000163   Thumb Code     0  libinit2.o(.ARM.Collect$$libinit$$00000019)
    __rt_lib_init_preinit_1                  0x08000163   Thumb Code     0  libinit2.o(.ARM.Collect$$libinit$$00000004)
    __rt_lib_init_rand_1                     0x08000163   Thumb Code     0  libinit2.o(.ARM.Collect$$libinit$$0000000E)
    __rt_lib_init_return                     0x08000163   Thumb Code     0  libinit2.o(.ARM.Collect$$libinit$$00000033)
    __rt_lib_init_signal_1                   0x08000163   Thumb Code     0  libinit2.o(.ARM.Collect$$libinit$$0000001D)
    __rt_lib_init_stdio_1                    0x08000163   Thumb Code     0  libinit2.o(.ARM.Collect$$libinit$$00000025)
    __rt_lib_init_user_alloc_1               0x08000163   Thumb Code     0  libinit2.o(.ARM.Collect$$libinit$$0000000C)
    __rt_lib_shutdown                        0x08000165   Thumb Code     0  libshutdown.o(.ARM.Collect$$libshutdown$$00000000)
    __rt_lib_shutdown_cpp_1                  0x08000167   Thumb Code     0  libshutdown2.o(.ARM.Collect$$libshutdown$$00000002)
    __rt_lib_shutdown_fp_trap_1              0x08000167   Thumb Code     0  libshutdown2.o(.ARM.Collect$$libshutdown$$00000007)
    __rt_lib_shutdown_heap_1                 0x08000167   Thumb Code     0  libshutdown2.o(.ARM.Collect$$libshutdown$$0000000F)
    __rt_lib_shutdown_return                 0x08000167   Thumb Code     0  libshutdown2.o(.ARM.Collect$$libshutdown$$00000010)
    __rt_lib_shutdown_signal_1               0x08000167   Thumb Code     0  libshutdown2.o(.ARM.Collect$$libshutdown$$0000000A)
    __rt_lib_shutdown_stdio_1                0x08000167   Thumb Code     0  libshutdown2.o(.ARM.Collect$$libshutdown$$00000004)
    __rt_lib_shutdown_user_alloc_1           0x08000167   Thumb Code     0  libshutdown2.o(.ARM.Collect$$libshutdown$$0000000C)
    __rt_entry                               0x08000169   Thumb Code     0  __rtentry.o(.ARM.Collect$$rtentry$$00000000)
    __rt_entry_presh_1                       0x08000169   Thumb Code     0  __rtentry2.o(.ARM.Collect$$rtentry$$00000002)
    __rt_entry_sh                            0x08000169   Thumb Code     0  __rtentry4.o(.ARM.Collect$$rtentry$$00000004)
    __rt_entry_li                            0x0800016f   Thumb Code     0  __rtentry2.o(.ARM.Collect$$rtentry$$0000000A)
    __rt_entry_postsh_1                      0x0800016f   Thumb Code     0  __rtentry2.o(.ARM.Collect$$rtentry$$00000009)
    __rt_entry_main                          0x08000173   Thumb Code     0  __rtentry2.o(.ARM.Collect$$rtentry$$0000000D)
    __rt_entry_postli_1                      0x08000173   Thumb Code     0  __rtentry2.o(.ARM.Collect$$rtentry$$0000000C)
    __rt_exit                                0x0800017b   Thumb Code     0  rtexit.o(.ARM.Collect$$rtexit$$00000000)
    __rt_exit_ls                             0x0800017d   Thumb Code     0  rtexit2.o(.ARM.Collect$$rtexit$$00000003)
    __rt_exit_prels_1                        0x0800017d   Thumb Code     0  rtexit2.o(.ARM.Collect$$rtexit$$00000002)
    __rt_exit_exit                           0x08000181   Thumb Code     0  rtexit2.o(.ARM.Collect$$rtexit$$00000004)
    Reset_Handler                            0x08000189   Thumb Code     4  startup_stm32f10x_md.o(.text)
    NMI_Handler                              0x0800018d   Thumb Code     2  startup_stm32f10x_md.o(.text)
    HardFault_Handler                        0x0800018f   Thumb Code     2  startup_stm32f10x_md.o(.text)
    MemManage_Handler                        0x08000191   Thumb Code     2  startup_stm32f10x_md.o(.text)
    BusFault_Handler                         0x08000193   Thumb Code     2  startup_stm32f10x_md.o(.text)
    UsageFault_Handler                       0x08000195   Thumb Code     2  startup_stm32f10x_md.o(.text)
    SVC_Handler                              0x08000197   Thumb Code     2  startup_stm32f10x_md.o(.text)
    DebugMon_Handler                         0x08000199   Thumb Code     2  startup_stm32f10x_md.o(.text)
    PendSV_Handler                           0x0800019b   Thumb Code     2  startup_stm32f10x_md.o(.text)
    SysTick_Handler                          0x0800019d   Thumb Code     2  startup_stm32f10x_md.o(.text)
    ADC1_2_IRQHandler                        0x0800019f   Thumb Code     0  startup_stm32f10x_md.o(.text)
    CAN1_RX1_IRQHandler                      0x0800019f   Thumb Code     0  startup_stm32f10x_md.o(.text)
    CAN1_SCE_IRQHandler                      0x0800019f   Thumb Code     0  startup_stm32f10x_md.o(.text)
    DMA1_Channel1_IRQHandler                 0x0800019f   Thumb Code     0  startup_stm32f10x_md.o(.text)
    DMA1_Channel2_IRQHandler                 0x0800019f   Thumb Code     0  startup_stm32f10x_md.o(.text)
    DMA1_Channel3_IRQHandler                 0x0800019f   Thumb Code     0  startup_stm32f10x_md.o(.text)
    DMA1_Channel4_IRQHandler                 0x0800019f   Thumb Code     0  startup_stm32f10x_md.o(.text)
    DMA1_Channel5_IRQHandler                 0x0800019f   Thumb Code     0  startup_stm32f10x_md.o(.text)
    DMA1_Channel6_IRQHandler                 0x0800019f   Thumb Code     0  startup_stm32f10x_md.o(.text)
    DMA1_Channel7_IRQHandler                 0x0800019f   Thumb Code     0  startup_stm32f10x_md.o(.text)
    EXTI15_10_IRQHandler                     0x0800019f   Thumb Code     0  startup_stm32f10x_md.o(.text)
    EXTI1_IRQHandler                         0x0800019f   Thumb Code     0  startup_stm32f10x_md.o(.text)
    EXTI2_IRQHandler                         0x0800019f   Thumb Code     0  startup_stm32f10x_md.o(.text)
    EXTI3_IRQHandler                         0x0800019f   Thumb Code     0  startup_stm32f10x_md.o(.text)
    EXTI4_IRQHandler                         0x0800019f   Thumb Code     0  startup_stm32f10x_md.o(.text)
    EXTI9_5_IRQHandler                       0x0800019f   Thumb Code     0  startup_stm32f10x_md.o(.text)
    FLASH_IRQHandler                         0x0800019f   Thumb Code     0  startup_stm32f10x_md.o(.text)
    I2C1_ER_IRQHandler                       0x0800019f   Thumb Code     0  startup_stm32f10x_md.o(.text)
    I2C1_EV_IRQHandler                       0x0800019f   Thumb Code     0  startup_stm32f10x_md.o(.text)
    I2C2_ER_IRQHandler                       0x0800019f   Thumb Code     0  startup_stm32f10x_md.o(.text)
    I2C2_EV_IRQHandler                       0x0800019f   Thumb Code     0  startup_stm32f10x_md.o(.text)
    PVD_IRQHandler                           0x0800019f   Thumb Code     0  startup_stm32f10x_md.o(.text)
    RCC_IRQHandler                           0x0800019f   Thumb Code     0  startup_stm32f10x_md.o(.text)
    RTCAlarm_IRQHandler                      0x0800019f   Thumb Code     0  startup_stm32f10x_md.o(.text)
    RTC_IRQHandler                           0x0800019f   Thumb Code     0  startup_stm32f10x_md.o(.text)
    SPI1_IRQHandler                          0x0800019f   Thumb Code     0  startup_stm32f10x_md.o(.text)
    SPI2_IRQHandler                          0x0800019f   Thumb Code     0  startup_stm32f10x_md.o(.text)
    TAMPER_IRQHandler                        0x0800019f   Thumb Code     0  startup_stm32f10x_md.o(.text)
    TIM1_BRK_IRQHandler                      0x0800019f   Thumb Code     0  startup_stm32f10x_md.o(.text)
    TIM1_CC_IRQHandler                       0x0800019f   Thumb Code     0  startup_stm32f10x_md.o(.text)
    TIM1_TRG_COM_IRQHandler                  0x0800019f   Thumb Code     0  startup_stm32f10x_md.o(.text)
    TIM1_UP_IRQHandler                       0x0800019f   Thumb Code     0  startup_stm32f10x_md.o(.text)
    TIM2_IRQHandler                          0x0800019f   Thumb Code     0  startup_stm32f10x_md.o(.text)
    TIM4_IRQHandler                          0x0800019f   Thumb Code     0  startup_stm32f10x_md.o(.text)
    USART2_IRQHandler                        0x0800019f   Thumb Code     0  startup_stm32f10x_md.o(.text)
    USART3_IRQHandler                        0x0800019f   Thumb Code     0  startup_stm32f10x_md.o(.text)
    USBWakeUp_IRQHandler                     0x0800019f   Thumb Code     0  startup_stm32f10x_md.o(.text)
    USB_HP_CAN1_TX_IRQHandler                0x0800019f   Thumb Code     0  startup_stm32f10x_md.o(.text)
    USB_LP_CAN1_RX0_IRQHandler               0x0800019f   Thumb Code     0  startup_stm32f10x_md.o(.text)
    WWDG_IRQHandler                          0x0800019f   Thumb Code     0  startup_stm32f10x_md.o(.text)
    __user_initial_stackheap                 0x080001a1   Thumb Code     0  startup_stm32f10x_md.o(.text)
    __use_no_semihosting                     0x080001c1   Thumb Code     2  use_no_semi_2.o(.text)
    __aeabi_memclr4                          0x080001c3   Thumb Code     0  rt_memclr_w.o(.text)
    __aeabi_memclr8                          0x080001c3   Thumb Code     0  rt_memclr_w.o(.text)
    __rt_memclr_w                            0x080001c3   Thumb Code    78  rt_memclr_w.o(.text)
    _memset_w                                0x080001c7   Thumb Code     0  rt_memclr_w.o(.text)
    __use_two_region_memory                  0x08000211   Thumb Code     2  heapauxi.o(.text)
    __rt_heap_escrow$2region                 0x08000213   Thumb Code     2  heapauxi.o(.text)
    __rt_heap_expand$2region                 0x08000215   Thumb Code     2  heapauxi.o(.text)
    __I$use$semihosting                      0x08000217   Thumb Code     0  use_no_semi.o(.text)
    __use_no_semihosting_swi                 0x08000217   Thumb Code     2  use_no_semi.o(.text)
    __user_setup_stackheap                   0x08000219   Thumb Code    74  sys_stackheap_outer.o(.text)
    exit                                     0x08000263   Thumb Code    18  exit.o(.text)
    __user_libspace                          0x08000275   Thumb Code     8  libspace.o(.text)
    __user_perproc_libspace                  0x08000275   Thumb Code     0  libspace.o(.text)
    __user_perthread_libspace                0x08000275   Thumb Code     0  libspace.o(.text)
    CRC8_Calc                                0x0800027d   Thumb Code    58  crc.o(i.CRC8_Calc)
    CRC_Calc                                 0x080002b7   Thumb Code    38  crc.o(i.CRC_Calc)
    Calculate_CRC                            0x080002dd   Thumb Code    26  crc.o(i.Calculate_CRC)
    Check_ID                                 0x080002f9   Thumb Code   142  main.o(i.Check_ID)
    Check_V                                  0x08000395   Thumb Code   168  main.o(i.Check_V)
    Clock_Init                               0x0800044d   Thumb Code   108  clock.o(i.Clock_Init)
    Data_Process                             0x080004b9   Thumb Code   494  main.o(i.Data_Process)
    Display_Http                             0x080006bd   Thumb Code    14  display.o(i.Display_Http)
    Display_Unique_ID1                       0x080006dd   Thumb Code   150  display.o(i.Display_Unique_ID1)
    Display_Unique_ID2                       0x08000779   Thumb Code   150  display.o(i.Display_Unique_ID2)
    Display_Unique_ID3                       0x08000815   Thumb Code   150  display.o(i.Display_Unique_ID3)
    Display_Unique_ID4                       0x080008b1   Thumb Code   150  display.o(i.Display_Unique_ID4)
    Display_Version                          0x0800094d   Thumb Code    14  display.o(i.Display_Version)
    EXTI0_IRQHandler                         0x08000969   Thumb Code    78  tda5235.o(i.EXTI0_IRQHandler)
    EXTI_ClearITPendingBit                   0x080009c1   Thumb Code     6  stm32f10x_exti.o(i.EXTI_ClearITPendingBit)
    EXTI_Init                                0x080009cd   Thumb Code   142  stm32f10x_exti.o(i.EXTI_Init)
    Enter_Study_Mode                         0x08000a61   Thumb Code   130  main.o(i.Enter_Study_Mode)
    Exit_Study_Mode                          0x08000af5   Thumb Code   102  main.o(i.Exit_Study_Mode)
    FLASH_ClearFlag                          0x08000b65   Thumb Code     6  stm32f10x_flash.o(i.FLASH_ClearFlag)
    FLASH_ErasePage                          0x08000b71   Thumb Code    72  stm32f10x_flash.o(i.FLASH_ErasePage)
    FLASH_GetBank1Status                     0x08000bbd   Thumb Code    48  stm32f10x_flash.o(i.FLASH_GetBank1Status)
    FLASH_LockBank1                          0x08000bf1   Thumb Code    14  stm32f10x_flash.o(i.FLASH_LockBank1)
    FLASH_PrefetchBufferCmd                  0x08000c05   Thumb Code    22  stm32f10x_flash.o(i.FLASH_PrefetchBufferCmd)
    FLASH_ProgramWord                        0x08000c21   Thumb Code   102  stm32f10x_flash.o(i.FLASH_ProgramWord)
    FLASH_SetLatency                         0x08000c8d   Thumb Code    18  stm32f10x_flash.o(i.FLASH_SetLatency)
    FLASH_UnlockBank1                        0x08000ca5   Thumb Code    12  stm32f10x_flash.o(i.FLASH_UnlockBank1)
    FLASH_WaitForLastOperation               0x08000cbd   Thumb Code    38  stm32f10x_flash.o(i.FLASH_WaitForLastOperation)
    GPIO_EXTILineConfig                      0x08000ce5   Thumb Code    60  stm32f10x_gpio.o(i.GPIO_EXTILineConfig)
    GPIO_Init                                0x08000d25   Thumb Code   278  stm32f10x_gpio.o(i.GPIO_Init)
    GPIO_ReadOutputDataBit                   0x08000e3b   Thumb Code    18  stm32f10x_gpio.o(i.GPIO_ReadOutputDataBit)
    GPIO_ResetBits                           0x08000e4d   Thumb Code     4  stm32f10x_gpio.o(i.GPIO_ResetBits)
    GPIO_SetBits                             0x08000e51   Thumb Code     4  stm32f10x_gpio.o(i.GPIO_SetBits)
    Get_Save_Flash_ID                        0x08000e55   Thumb Code    68  main.o(i.Get_Save_Flash_ID)
    IIC1_Init                                0x08000e9d   Thumb Code    46  iic1.o(i.IIC1_Init)
    IIC1_Send_Byte                           0x08000ed1   Thumb Code    78  iic1.o(i.IIC1_Send_Byte)
    IIC1_Start                               0x08000f2d   Thumb Code    64  iic1.o(i.IIC1_Start)
    IIC1_Stop                                0x08000f79   Thumb Code    64  iic1.o(i.IIC1_Stop)
    IIC1_Wait_Ack                            0x08000fc5   Thumb Code    74  iic1.o(i.IIC1_Wait_Ack)
    LED_Init                                 0x0800101d   Thumb Code    92  led.o(i.LED_Init)
    LED_ReceiveReverse                       0x08001081   Thumb Code    40  led.o(i.LED_ReceiveReverse)
    MySprintf_x                              0x080010ad   Thumb Code    84  mysprintf.o(i.MySprintf_x)
    NVIC_Configuration                       0x08001101   Thumb Code    12  sys.o(i.NVIC_Configuration)
    NVIC_Init                                0x0800110d   Thumb Code   100  misc.o(i.NVIC_Init)
    NVIC_PriorityGroupConfig                 0x0800117d   Thumb Code    10  misc.o(i.NVIC_PriorityGroupConfig)
    OLED_Clear                               0x08001191   Thumb Code    62  oled.o(i.OLED_Clear)
    OLED_Init                                0x080011cf   Thumb Code   188  oled.o(i.OLED_Init)
    OLED_ShowChr                             0x08001329   Thumb Code    54  oled.o(i.OLED_ShowChr)
    OLED_ShowStr                             0x08001365   Thumb Code    54  oled.o(i.OLED_ShowStr)
    RCC_ADCCLKConfig                         0x0800139d   Thumb Code    18  stm32f10x_rcc.o(i.RCC_ADCCLKConfig)
    RCC_APB1PeriphClockCmd                   0x080013b5   Thumb Code    26  stm32f10x_rcc.o(i.RCC_APB1PeriphClockCmd)
    RCC_APB2PeriphClockCmd                   0x080013d5   Thumb Code    26  stm32f10x_rcc.o(i.RCC_APB2PeriphClockCmd)
    RCC_DeInit                               0x080013f5   Thumb Code    64  stm32f10x_rcc.o(i.RCC_DeInit)
    RCC_GetClocksFreq                        0x08001441   Thumb Code   192  stm32f10x_rcc.o(i.RCC_GetClocksFreq)
    RCC_GetFlagStatus                        0x08001515   Thumb Code    56  stm32f10x_rcc.o(i.RCC_GetFlagStatus)
    RCC_GetSYSCLKSource                      0x08001551   Thumb Code    10  stm32f10x_rcc.o(i.RCC_GetSYSCLKSource)
    RCC_HCLKConfig                           0x08001561   Thumb Code    18  stm32f10x_rcc.o(i.RCC_HCLKConfig)
    RCC_HSICmd                               0x08001579   Thumb Code     6  stm32f10x_rcc.o(i.RCC_HSICmd)
    RCC_PCLK1Config                          0x08001585   Thumb Code    18  stm32f10x_rcc.o(i.RCC_PCLK1Config)
    RCC_PCLK2Config                          0x0800159d   Thumb Code    20  stm32f10x_rcc.o(i.RCC_PCLK2Config)
    RCC_PLLCmd                               0x080015b5   Thumb Code     6  stm32f10x_rcc.o(i.RCC_PLLCmd)
    RCC_PLLConfig                            0x080015c1   Thumb Code    24  stm32f10x_rcc.o(i.RCC_PLLConfig)
    RCC_SYSCLKConfig                         0x080015dd   Thumb Code    18  stm32f10x_rcc.o(i.RCC_SYSCLKConfig)
    ReadFlashNBtye                           0x080015f5   Thumb Code    26  main.o(i.ReadFlashNBtye)
    SP37_Cal_Pressure_V2                     0x08001615   Thumb Code    44  sp37data.o(i.SP37_Cal_Pressure_V2)
    SP37_Cal_Temperature                     0x08001645   Thumb Code    44  sp37data.o(i.SP37_Cal_Temperature)
    SP37_Cal_Voltage                         0x08001675   Thumb Code    58  sp37data.o(i.SP37_Cal_Voltage)
    SPI1_Init                                0x080016b9   Thumb Code   136  spi.o(i.SPI1_Init)
    SPI1_ReadWriteByte                       0x08001749   Thumb Code    78  spi.o(i.SPI1_ReadWriteByte)
    SPI1_SetSpeed                            0x0800179d   Thumb Code    36  spi.o(i.SPI1_SetSpeed)
    SPI_Cmd                                  0x080017c5   Thumb Code    24  stm32f10x_spi.o(i.SPI_Cmd)
    SPI_I2S_GetFlagStatus                    0x080017dd   Thumb Code    18  stm32f10x_spi.o(i.SPI_I2S_GetFlagStatus)
    SPI_I2S_ReceiveData                      0x080017ef   Thumb Code     6  stm32f10x_spi.o(i.SPI_I2S_ReceiveData)
    SPI_I2S_SendData                         0x080017f5   Thumb Code     4  stm32f10x_spi.o(i.SPI_I2S_SendData)
    SPI_Init                                 0x080017f9   Thumb Code    60  stm32f10x_spi.o(i.SPI_Init)
    Save_ID_Flash                            0x08001835   Thumb Code    76  main.o(i.Save_ID_Flash)
    Save_ID_Func                             0x08001889   Thumb Code   678  main.o(i.Save_ID_Func)
    Send_Tire_Data_To_Dvr                    0x08001b49   Thumb Code   334  main.o(i.Send_Tire_Data_To_Dvr)
    SysTick_CLKSourceConfig                  0x08001cb9   Thumb Code    40  misc.o(i.SysTick_CLKSourceConfig)
    TDA5235_Init                             0x08001ce1   Thumb Code    82  tda5235.o(i.TDA5235_Init)
    TDA5235_Power                            0x08001d39   Thumb Code    34  tda5235.o(i.TDA5235_Power)
    TDA5235_Read_FIFO                        0x08001d61   Thumb Code   124  tda5235.o(i.TDA5235_Read_FIFO)
    TDA5235_Receive_INT_Init                 0x08001de1   Thumb Code   112  tda5235.o(i.TDA5235_Receive_INT_Init)
    TDA5235_SFR_Init                         0x08001e55   Thumb Code    34  tda5235.o(i.TDA5235_SFR_Init)
    TDA5235_Write_Register                   0x08001e7d   Thumb Code    42  tda5235.o(i.TDA5235_Write_Register)
    TIM3_Cmd                                 0x08001ead   Thumb Code    14  tim.o(i.TIM3_Cmd)
    TIM3_IRQHandler                          0x08001ec1   Thumb Code   140  tim.o(i.TIM3_IRQHandler)
    TIM_ClearFlag                            0x08001f65   Thumb Code     6  stm32f10x_tim.o(i.TIM_ClearFlag)
    TIM_ClearITPendingBit                    0x08001f6b   Thumb Code     6  stm32f10x_tim.o(i.TIM_ClearITPendingBit)
    TIM_Cmd                                  0x08001f71   Thumb Code    24  stm32f10x_tim.o(i.TIM_Cmd)
    TIM_GetITStatus                          0x08001f89   Thumb Code    34  stm32f10x_tim.o(i.TIM_GetITStatus)
    TIM_ITConfig                             0x08001fab   Thumb Code    18  stm32f10x_tim.o(i.TIM_ITConfig)
    TIM_TimeBaseInit                         0x08001fbd   Thumb Code   122  stm32f10x_tim.o(i.TIM_TimeBaseInit)
    Tim3_Init                                0x08002061   Thumb Code    94  tim.o(i.Tim3_Init)
    Tire_Change_Location                     0x080020c5   Thumb Code   484  main.o(i.Tire_Change_Location)
    Tire_Change_Location_ACK                 0x080022ad   Thumb Code    74  main.o(i.Tire_Change_Location_ACK)
    USART1_IRQHandler                        0x08002301   Thumb Code   136  usart.o(i.USART1_IRQHandler)
    USART1_Init                              0x08002399   Thumb Code   178  usart.o(i.USART1_Init)
    USART_Cmd                                0x08002475   Thumb Code    24  stm32f10x_usart.o(i.USART_Cmd)
    USART_GetFlagStatus                      0x0800248d   Thumb Code    26  stm32f10x_usart.o(i.USART_GetFlagStatus)
    USART_GetITStatus                        0x080024a7   Thumb Code    84  stm32f10x_usart.o(i.USART_GetITStatus)
    USART_ITConfig                           0x080024fb   Thumb Code    74  stm32f10x_usart.o(i.USART_ITConfig)
    USART_Init                               0x08002545   Thumb Code   210  stm32f10x_usart.o(i.USART_Init)
    USART_ReceiveData                        0x0800261d   Thumb Code    10  stm32f10x_usart.o(i.USART_ReceiveData)
    USART_SendData                           0x08002627   Thumb Code     8  stm32f10x_usart.o(i.USART_SendData)
    WriteFlashNByte                          0x08002631   Thumb Code    78  main.o(i.WriteFlashNByte)
    _sys_exit                                0x08002689   Thumb Code     4  usart.o(i._sys_exit)
    delay_init                               0x0800268d   Thumb Code    50  delay.o(i.delay_init)
    delay_ms                                 0x080026d1   Thumb Code    72  delay.o(i.delay_ms)
    delay_us                                 0x0800271d   Thumb Code    72  delay.o(i.delay_us)
    main                                     0x08002769   Thumb Code   420  main.o(i.main)
    __aeabi_d2f                              0x08002925   Thumb Code     0  d2f.o(x$fpl$d2f)
    _d2f                                     0x08002925   Thumb Code    98  d2f.o(x$fpl$d2f)
    __aeabi_ddiv                             0x08002989   Thumb Code     0  ddiv.o(x$fpl$ddiv)
    _ddiv                                    0x08002989   Thumb Code   552  ddiv.o(x$fpl$ddiv)
    __aeabi_d2uiz                            0x08002c39   Thumb Code     0  dfixu.o(x$fpl$dfixu)
    _dfixu                                   0x08002c39   Thumb Code    90  dfixu.o(x$fpl$dfixu)
    __aeabi_i2d                              0x08002c93   Thumb Code     0  dflt_clz.o(x$fpl$dflt)
    _dflt                                    0x08002c93   Thumb Code    46  dflt_clz.o(x$fpl$dflt)
    __aeabi_ui2d                             0x08002cc1   Thumb Code     0  dflt_clz.o(x$fpl$dfltu)
    _dfltu                                   0x08002cc1   Thumb Code    38  dflt_clz.o(x$fpl$dfltu)
    __fpl_dnaninf                            0x08002ce7   Thumb Code   156  dnaninf.o(x$fpl$dnaninf)
    __fpl_dretinf                            0x08002d83   Thumb Code    12  dretinf.o(x$fpl$dretinf)
    __fpl_fcmp_Inf                           0x08002d8f   Thumb Code    24  fcmpi.o(x$fpl$fcmpinf)
    __aeabi_f2uiz                            0x08002da9   Thumb Code     0  ffixu.o(x$fpl$ffixu)
    _ffixu                                   0x08002da9   Thumb Code    62  ffixu.o(x$fpl$ffixu)
    __aeabi_cfcmple                          0x08002de9   Thumb Code     0  fleqf.o(x$fpl$fleqf)
    _fcmple                                  0x08002de9   Thumb Code   104  fleqf.o(x$fpl$fleqf)
    __fpl_fcmple_InfNaN                      0x08002e3b   Thumb Code     0  fleqf.o(x$fpl$fleqf)
    __aeabi_fmul                             0x08002e51   Thumb Code     0  fmul.o(x$fpl$fmul)
    _fmul                                    0x08002e51   Thumb Code   258  fmul.o(x$fpl$fmul)
    __fpl_fnaninf                            0x08002f53   Thumb Code   140  fnaninf.o(x$fpl$fnaninf)
    __fpl_fretinf                            0x08002fdf   Thumb Code    10  fretinf.o(x$fpl$fretinf)
    F6x8                                     0x08002fe8   Data         576  oled.o(.constdata)
    __I$use$fp                               0x08002fe8   Number         0  usenofp.o(x$fpl$usenofp)
    init_length                              0x08003228   Data           1  tda5235.o(.constdata)
    init_data                                0x08003229   Data          60  tda5235.o(.constdata)
    Region$$Table$$Base                      0x08003268   Number         0  anon$$obj.o(Region$$Table)
    Region$$Table$$Limit                     0x08003288   Number         0  anon$$obj.o(Region$$Table)
    SystemCoreClock                          0x20000000   Data           4  system_stm32f10x.o(.data)
    AHBPrescTable                            0x20000004   Data          16  system_stm32f10x.o(.data)
    time_1ms                                 0x2000002c   Data           4  tim.o(.data)
    time_50ms                                0x20000030   Data           4  tim.o(.data)
    __stdout                                 0x20000038   Data           4  usart.o(.data)
    USART1_RX_NUM                            0x2000003c   Data           2  usart.o(.data)
    ReceiveState                             0x2000003e   Data           1  usart.o(.data)
    Tx_Data_To_Dvd                           0x2000005c   Data           8  main.o(.data)
    Rx_CMD_Form_Dvd                          0x20000064   Data           6  main.o(.data)
    Ack_To_Dvd                               0x2000006a   Data           6  main.o(.data)
    Ack_OK_To_Dvd                            0x20000070   Data           6  main.o(.data)
    Tx_ID_To_Dvd                             0x20000076   Data           9  main.o(.data)
    Tx_V_To_Dvd                              0x2000007f   Data          10  main.o(.data)
    Replace_Tire                             0x20000089   Data           7  main.o(.data)
    Replace_Tire_Ack                         0x20000090   Data           7  main.o(.data)
    Study_Mode_Flag                          0x20000097   Data           1  main.o(.data)
    Study_Dir                                0x20000098   Data           1  main.o(.data)
    Status_Tire                              0x20000099   Data           4  main.o(.data)
    Signal_Check                             0x2000009d   Data           4  main.o(.data)
    FLASHStatus                              0x200000a1   Data           1  main.o(.data)
    TDA5235_FIFO_NUM                         0x200000a7   Data           1  tda5235.o(.data)
    USART1_RxBuffer                          0x200000a8   Data         128  usart.o(.bss)
    pt_SP37Data                              0x20000128   Data         120  main.o(.bss)
    TDA5235_FIFO                             0x200001a0   Data          64  tda5235.o(.bss)
    __libspace_start                         0x200001e0   Data          96  libspace.o(.bss)
    __temporary_stack_top$libspace           0x20000240   Data           0  libspace.o(.bss)



==============================================================================

Memory Map of the image

  Image Entry point : 0x080000ed

  Load Region LR_IROM1 (Base: 0x08000000, Size: 0x00003330, Max: 0x00010000, ABSOLUTE)

    Execution Region ER_IROM1 (Base: 0x08000000, Size: 0x00003288, Max: 0x00010000, ABSOLUTE)

    Base Addr    Size         Type   Attr      Idx    E Section Name        Object

    0x08000000   0x000000ec   Data   RO          132    RESET               startup_stm32f10x_md.o
    0x080000ec   0x00000008   Code   RO         3918  * !!!main             c_w.l(__main.o)
    0x080000f4   0x00000034   Code   RO         4138    !!!scatter          c_w.l(__scatter.o)
    0x08000128   0x0000001a   Code   RO         4140    !!handler_copy      c_w.l(__scatter_copy.o)
    0x08000142   0x00000002   PAD
    0x08000144   0x0000001c   Code   RO         4142    !!handler_zi        c_w.l(__scatter_zi.o)
    0x08000160   0x00000002   Code   RO         4012    .ARM.Collect$$libinit$$00000000  c_w.l(libinit.o)
    0x08000162   0x00000000   Code   RO         4019    .ARM.Collect$$libinit$$00000002  c_w.l(libinit2.o)
    0x08000162   0x00000000   Code   RO         4021    .ARM.Collect$$libinit$$00000004  c_w.l(libinit2.o)
    0x08000162   0x00000000   Code   RO         4024    .ARM.Collect$$libinit$$0000000A  c_w.l(libinit2.o)
    0x08000162   0x00000000   Code   RO         4026    .ARM.Collect$$libinit$$0000000C  c_w.l(libinit2.o)
    0x08000162   0x00000000   Code   RO         4028    .ARM.Collect$$libinit$$0000000E  c_w.l(libinit2.o)
    0x08000162   0x00000000   Code   RO         4031    .ARM.Collect$$libinit$$00000011  c_w.l(libinit2.o)
    0x08000162   0x00000000   Code   RO         4033    .ARM.Collect$$libinit$$00000013  c_w.l(libinit2.o)
    0x08000162   0x00000000   Code   RO         4035    .ARM.Collect$$libinit$$00000015  c_w.l(libinit2.o)
    0x08000162   0x00000000   Code   RO         4037    .ARM.Collect$$libinit$$00000017  c_w.l(libinit2.o)
    0x08000162   0x00000000   Code   RO         4039    .ARM.Collect$$libinit$$00000019  c_w.l(libinit2.o)
    0x08000162   0x00000000   Code   RO         4041    .ARM.Collect$$libinit$$0000001B  c_w.l(libinit2.o)
    0x08000162   0x00000000   Code   RO         4043    .ARM.Collect$$libinit$$0000001D  c_w.l(libinit2.o)
    0x08000162   0x00000000   Code   RO         4045    .ARM.Collect$$libinit$$0000001F  c_w.l(libinit2.o)
    0x08000162   0x00000000   Code   RO         4047    .ARM.Collect$$libinit$$00000021  c_w.l(libinit2.o)
    0x08000162   0x00000000   Code   RO         4049    .ARM.Collect$$libinit$$00000023  c_w.l(libinit2.o)
    0x08000162   0x00000000   Code   RO         4051    .ARM.Collect$$libinit$$00000025  c_w.l(libinit2.o)
    0x08000162   0x00000000   Code   RO         4055    .ARM.Collect$$libinit$$0000002C  c_w.l(libinit2.o)
    0x08000162   0x00000000   Code   RO         4057    .ARM.Collect$$libinit$$0000002E  c_w.l(libinit2.o)
    0x08000162   0x00000000   Code   RO         4059    .ARM.Collect$$libinit$$00000030  c_w.l(libinit2.o)
    0x08000162   0x00000000   Code   RO         4061    .ARM.Collect$$libinit$$00000032  c_w.l(libinit2.o)
    0x08000162   0x00000002   Code   RO         4062    .ARM.Collect$$libinit$$00000033  c_w.l(libinit2.o)
    0x08000164   0x00000002   Code   RO         4080    .ARM.Collect$$libshutdown$$00000000  c_w.l(libshutdown.o)
    0x08000166   0x00000000   Code   RO         4090    .ARM.Collect$$libshutdown$$00000002  c_w.l(libshutdown2.o)
    0x08000166   0x00000000   Code   RO         4092    .ARM.Collect$$libshutdown$$00000004  c_w.l(libshutdown2.o)
    0x08000166   0x00000000   Code   RO         4095    .ARM.Collect$$libshutdown$$00000007  c_w.l(libshutdown2.o)
    0x08000166   0x00000000   Code   RO         4098    .ARM.Collect$$libshutdown$$0000000A  c_w.l(libshutdown2.o)
    0x08000166   0x00000000   Code   RO         4100    .ARM.Collect$$libshutdown$$0000000C  c_w.l(libshutdown2.o)
    0x08000166   0x00000000   Code   RO         4103    .ARM.Collect$$libshutdown$$0000000F  c_w.l(libshutdown2.o)
    0x08000166   0x00000002   Code   RO         4104    .ARM.Collect$$libshutdown$$00000010  c_w.l(libshutdown2.o)
    0x08000168   0x00000000   Code   RO         3974    .ARM.Collect$$rtentry$$00000000  c_w.l(__rtentry.o)
    0x08000168   0x00000000   Code   RO         3989    .ARM.Collect$$rtentry$$00000002  c_w.l(__rtentry2.o)
    0x08000168   0x00000006   Code   RO         4001    .ARM.Collect$$rtentry$$00000004  c_w.l(__rtentry4.o)
    0x0800016e   0x00000000   Code   RO         3991    .ARM.Collect$$rtentry$$00000009  c_w.l(__rtentry2.o)
    0x0800016e   0x00000004   Code   RO         3992    .ARM.Collect$$rtentry$$0000000A  c_w.l(__rtentry2.o)
    0x08000172   0x00000000   Code   RO         3994    .ARM.Collect$$rtentry$$0000000C  c_w.l(__rtentry2.o)
    0x08000172   0x00000008   Code   RO         3995    .ARM.Collect$$rtentry$$0000000D  c_w.l(__rtentry2.o)
    0x0800017a   0x00000002   Code   RO         4016    .ARM.Collect$$rtexit$$00000000  c_w.l(rtexit.o)
    0x0800017c   0x00000000   Code   RO         4064    .ARM.Collect$$rtexit$$00000002  c_w.l(rtexit2.o)
    0x0800017c   0x00000004   Code   RO         4065    .ARM.Collect$$rtexit$$00000003  c_w.l(rtexit2.o)
    0x08000180   0x00000006   Code   RO         4066    .ARM.Collect$$rtexit$$00000004  c_w.l(rtexit2.o)
    0x08000186   0x00000002   PAD
    0x08000188   0x00000038   Code   RO          133    .text               startup_stm32f10x_md.o
    0x080001c0   0x00000002   Code   RO         3912    .text               c_w.l(use_no_semi_2.o)
    0x080001c2   0x0000004e   Code   RO         3914    .text               c_w.l(rt_memclr_w.o)
    0x08000210   0x00000006   Code   RO         3916    .text               c_w.l(heapauxi.o)
    0x08000216   0x00000002   Code   RO         3972    .text               c_w.l(use_no_semi.o)
    0x08000218   0x0000004a   Code   RO         4003    .text               c_w.l(sys_stackheap_outer.o)
    0x08000262   0x00000012   Code   RO         4005    .text               c_w.l(exit.o)
    0x08000274   0x00000008   Code   RO         4013    .text               c_w.l(libspace.o)
    0x0800027c   0x0000003a   Code   RO         3126    i.CRC8_Calc         crc.o
    0x080002b6   0x00000026   Code   RO         3127    i.CRC_Calc          crc.o
    0x080002dc   0x0000001a   Code   RO         3128    i.Calculate_CRC     crc.o
    0x080002f6   0x00000002   PAD
    0x080002f8   0x0000009c   Code   RO         3618    i.Check_ID          main.o
    0x08000394   0x000000b8   Code   RO         3619    i.Check_V           main.o
    0x0800044c   0x0000006c   Code   RO         3108    i.Clock_Init        clock.o
    0x080004b8   0x00000204   Code   RO         3620    i.Data_Process      main.o
    0x080006bc   0x00000020   Code   RO         3450    i.Display_Http      display.o
    0x080006dc   0x0000009c   Code   RO         3461    i.Display_Unique_ID1  display.o
    0x08000778   0x0000009c   Code   RO         3462    i.Display_Unique_ID2  display.o
    0x08000814   0x0000009c   Code   RO         3463    i.Display_Unique_ID3  display.o
    0x080008b0   0x0000009c   Code   RO         3464    i.Display_Unique_ID4  display.o
    0x0800094c   0x0000001c   Code   RO         3471    i.Display_Version   display.o
    0x08000968   0x00000058   Code   RO         3833    i.EXTI0_IRQHandler  tda5235.o
    0x080009c0   0x0000000c   Code   RO          939    i.EXTI_ClearITPendingBit  stm32f10x_exti.o
    0x080009cc   0x00000094   Code   RO          944    i.EXTI_Init         stm32f10x_exti.o
    0x08000a60   0x00000094   Code   RO         3621    i.Enter_Study_Mode  main.o
    0x08000af4   0x00000070   Code   RO         3622    i.Exit_Study_Mode   main.o
    0x08000b64   0x0000000c   Code   RO          992    i.FLASH_ClearFlag   stm32f10x_flash.o
    0x08000b70   0x0000004c   Code   RO          997    i.FLASH_ErasePage   stm32f10x_flash.o
    0x08000bbc   0x00000034   Code   RO          998    i.FLASH_GetBank1Status  stm32f10x_flash.o
    0x08000bf0   0x00000014   Code   RO         1008    i.FLASH_LockBank1   stm32f10x_flash.o
    0x08000c04   0x0000001c   Code   RO         1009    i.FLASH_PrefetchBufferCmd  stm32f10x_flash.o
    0x08000c20   0x0000006c   Code   RO         1012    i.FLASH_ProgramWord  stm32f10x_flash.o
    0x08000c8c   0x00000018   Code   RO         1014    i.FLASH_SetLatency  stm32f10x_flash.o
    0x08000ca4   0x00000018   Code   RO         1016    i.FLASH_UnlockBank1  stm32f10x_flash.o
    0x08000cbc   0x00000026   Code   RO         1019    i.FLASH_WaitForLastOperation  stm32f10x_flash.o
    0x08000ce2   0x00000002   PAD
    0x08000ce4   0x00000040   Code   RO         1289    i.GPIO_EXTILineConfig  stm32f10x_gpio.o
    0x08000d24   0x00000116   Code   RO         1292    i.GPIO_Init         stm32f10x_gpio.o
    0x08000e3a   0x00000012   Code   RO         1298    i.GPIO_ReadOutputDataBit  stm32f10x_gpio.o
    0x08000e4c   0x00000004   Code   RO         1299    i.GPIO_ResetBits    stm32f10x_gpio.o
    0x08000e50   0x00000004   Code   RO         1300    i.GPIO_SetBits      stm32f10x_gpio.o
    0x08000e54   0x00000048   Code   RO         3623    i.Get_Save_Flash_ID  main.o
    0x08000e9c   0x00000034   Code   RO         3182    i.IIC1_Init         iic1.o
    0x08000ed0   0x0000005c   Code   RO         3185    i.IIC1_Send_Byte    iic1.o
    0x08000f2c   0x0000004c   Code   RO         3187    i.IIC1_Start        iic1.o
    0x08000f78   0x0000004c   Code   RO         3188    i.IIC1_Stop         iic1.o
    0x08000fc4   0x00000058   Code   RO         3189    i.IIC1_Wait_Ack     iic1.o
    0x0800101c   0x00000064   Code   RO         3239    i.LED_Init          led.o
    0x08001080   0x0000002c   Code   RO         3241    i.LED_ReceiveReverse  led.o
    0x080010ac   0x00000054   Code   RO         3283    i.MySprintf_x       mysprintf.o
    0x08001100   0x0000000c   Code   RO         3359    i.NVIC_Configuration  sys.o
    0x0800110c   0x00000070   Code   RO          137    i.NVIC_Init         misc.o
    0x0800117c   0x00000014   Code   RO          138    i.NVIC_PriorityGroupConfig  misc.o
    0x08001190   0x0000003e   Code   RO         3734    i.OLED_Clear        oled.o
    0x080011ce   0x000000bc   Code   RO         3737    i.OLED_Init         oled.o
    0x0800128a   0x0000003c   Code   RO         3738    i.OLED_Send_Command  oled.o
    0x080012c6   0x0000003c   Code   RO         3739    i.OLED_Send_Data    oled.o
    0x08001302   0x00000024   Code   RO         3740    i.OLED_Set_Pos      oled.o
    0x08001326   0x00000002   PAD
    0x08001328   0x0000003c   Code   RO         3741    i.OLED_ShowChr      oled.o
    0x08001364   0x00000036   Code   RO         3742    i.OLED_ShowStr      oled.o
    0x0800139a   0x00000002   PAD
    0x0800139c   0x00000018   Code   RO         1706    i.RCC_ADCCLKConfig  stm32f10x_rcc.o
    0x080013b4   0x00000020   Code   RO         1708    i.RCC_APB1PeriphClockCmd  stm32f10x_rcc.o
    0x080013d4   0x00000020   Code   RO         1710    i.RCC_APB2PeriphClockCmd  stm32f10x_rcc.o
    0x080013f4   0x0000004c   Code   RO         1717    i.RCC_DeInit        stm32f10x_rcc.o
    0x08001440   0x000000d4   Code   RO         1718    i.RCC_GetClocksFreq  stm32f10x_rcc.o
    0x08001514   0x0000003c   Code   RO         1719    i.RCC_GetFlagStatus  stm32f10x_rcc.o
    0x08001550   0x00000010   Code   RO         1721    i.RCC_GetSYSCLKSource  stm32f10x_rcc.o
    0x08001560   0x00000018   Code   RO         1722    i.RCC_HCLKConfig    stm32f10x_rcc.o
    0x08001578   0x0000000c   Code   RO         1724    i.RCC_HSICmd        stm32f10x_rcc.o
    0x08001584   0x00000018   Code   RO         1729    i.RCC_PCLK1Config   stm32f10x_rcc.o
    0x0800159c   0x00000018   Code   RO         1730    i.RCC_PCLK2Config   stm32f10x_rcc.o
    0x080015b4   0x0000000c   Code   RO         1731    i.RCC_PLLCmd        stm32f10x_rcc.o
    0x080015c0   0x0000001c   Code   RO         1732    i.RCC_PLLConfig     stm32f10x_rcc.o
    0x080015dc   0x00000018   Code   RO         1735    i.RCC_SYSCLKConfig  stm32f10x_rcc.o
    0x080015f4   0x00000020   Code   RO         3624    i.ReadFlashNBtye    main.o
    0x08001614   0x00000030   Code   RO         3799    i.SP37_Cal_Pressure_V2  sp37data.o
    0x08001644   0x00000030   Code   RO         3800    i.SP37_Cal_Temperature  sp37data.o
    0x08001674   0x00000044   Code   RO         3801    i.SP37_Cal_Voltage  sp37data.o
    0x080016b8   0x00000090   Code   RO         3332    i.SPI1_Init         spi.o
    0x08001748   0x00000054   Code   RO         3333    i.SPI1_ReadWriteByte  spi.o
    0x0800179c   0x00000028   Code   RO         3334    i.SPI1_SetSpeed     spi.o
    0x080017c4   0x00000018   Code   RO         2187    i.SPI_Cmd           stm32f10x_spi.o
    0x080017dc   0x00000012   Code   RO         2195    i.SPI_I2S_GetFlagStatus  stm32f10x_spi.o
    0x080017ee   0x00000006   Code   RO         2198    i.SPI_I2S_ReceiveData  stm32f10x_spi.o
    0x080017f4   0x00000004   Code   RO         2199    i.SPI_I2S_SendData  stm32f10x_spi.o
    0x080017f8   0x0000003c   Code   RO         2200    i.SPI_Init          stm32f10x_spi.o
    0x08001834   0x00000054   Code   RO         3625    i.Save_ID_Flash     main.o
    0x08001888   0x000002c0   Code   RO         3626    i.Save_ID_Func      main.o
    0x08001b48   0x00000170   Code   RO         3627    i.Send_Tire_Data_To_Dvr  main.o
    0x08001cb8   0x00000028   Code   RO          141    i.SysTick_CLKSourceConfig  misc.o
    0x08001ce0   0x00000058   Code   RO         3834    i.TDA5235_Init      tda5235.o
    0x08001d38   0x00000028   Code   RO         3835    i.TDA5235_Power     tda5235.o
    0x08001d60   0x00000080   Code   RO         3836    i.TDA5235_Read_FIFO  tda5235.o
    0x08001de0   0x00000074   Code   RO         3839    i.TDA5235_Receive_INT_Init  tda5235.o
    0x08001e54   0x00000028   Code   RO         3840    i.TDA5235_SFR_Init  tda5235.o
    0x08001e7c   0x00000030   Code   RO         3841    i.TDA5235_Write_Register  tda5235.o
    0x08001eac   0x00000014   Code   RO         3371    i.TIM3_Cmd          tim.o
    0x08001ec0   0x000000a4   Code   RO         3372    i.TIM3_IRQHandler   tim.o
    0x08001f64   0x00000006   Code   RO         2336    i.TIM_ClearFlag     stm32f10x_tim.o
    0x08001f6a   0x00000006   Code   RO         2337    i.TIM_ClearITPendingBit  stm32f10x_tim.o
    0x08001f70   0x00000018   Code   RO         2342    i.TIM_Cmd           stm32f10x_tim.o
    0x08001f88   0x00000022   Code   RO         2363    i.TIM_GetITStatus   stm32f10x_tim.o
    0x08001faa   0x00000012   Code   RO         2367    i.TIM_ITConfig      stm32f10x_tim.o
    0x08001fbc   0x000000a4   Code   RO         2413    i.TIM_TimeBaseInit  stm32f10x_tim.o
    0x08002060   0x00000064   Code   RO         3373    i.Tim3_Init         tim.o
    0x080020c4   0x000001e8   Code   RO         3628    i.Tire_Change_Location  main.o
    0x080022ac   0x00000054   Code   RO         3629    i.Tire_Change_Location_ACK  main.o
    0x08002300   0x00000098   Code   RO         3402    i.USART1_IRQHandler  usart.o
    0x08002398   0x000000bc   Code   RO         3403    i.USART1_Init       usart.o
    0x08002454   0x00000020   Code   RO         3404    i.USART1_PUTC       usart.o
    0x08002474   0x00000018   Code   RO         2878    i.USART_Cmd         stm32f10x_usart.o
    0x0800248c   0x0000001a   Code   RO         2881    i.USART_GetFlagStatus  stm32f10x_usart.o
    0x080024a6   0x00000054   Code   RO         2882    i.USART_GetITStatus  stm32f10x_usart.o
    0x080024fa   0x0000004a   Code   RO         2884    i.USART_ITConfig    stm32f10x_usart.o
    0x08002544   0x000000d8   Code   RO         2885    i.USART_Init        stm32f10x_usart.o
    0x0800261c   0x0000000a   Code   RO         2892    i.USART_ReceiveData  stm32f10x_usart.o
    0x08002626   0x00000008   Code   RO         2895    i.USART_SendData    stm32f10x_usart.o
    0x0800262e   0x00000002   PAD
    0x08002630   0x00000058   Code   RO         3630    i.WriteFlashNByte   main.o
    0x08002688   0x00000004   Code   RO         3405    i._sys_exit         usart.o
    0x0800268c   0x00000044   Code   RO         3153    i.delay_init        delay.o
    0x080026d0   0x0000004c   Code   RO         3154    i.delay_ms          delay.o
    0x0800271c   0x0000004c   Code   RO         3155    i.delay_us          delay.o
    0x08002768   0x000001bc   Code   RO         3631    i.main              main.o
    0x08002924   0x00000062   Code   RO         3920    x$fpl$d2f           fz_ws.l(d2f.o)
    0x08002986   0x00000002   PAD
    0x08002988   0x000002b0   Code   RO         3929    x$fpl$ddiv          fz_ws.l(ddiv.o)
    0x08002c38   0x0000005a   Code   RO         3932    x$fpl$dfixu         fz_ws.l(dfixu.o)
    0x08002c92   0x0000002e   Code   RO         3937    x$fpl$dflt          fz_ws.l(dflt_clz.o)
    0x08002cc0   0x00000026   Code   RO         3936    x$fpl$dfltu         fz_ws.l(dflt_clz.o)
    0x08002ce6   0x0000009c   Code   RO         3977    x$fpl$dnaninf       fz_ws.l(dnaninf.o)
    0x08002d82   0x0000000c   Code   RO         3979    x$fpl$dretinf       fz_ws.l(dretinf.o)
    0x08002d8e   0x00000018   Code   RO         3981    x$fpl$fcmpinf       fz_ws.l(fcmpi.o)
    0x08002da6   0x00000002   PAD
    0x08002da8   0x0000003e   Code   RO         3958    x$fpl$ffixu         fz_ws.l(ffixu.o)
    0x08002de6   0x00000002   PAD
    0x08002de8   0x00000068   Code   RO         3968    x$fpl$fleqf         fz_ws.l(fleqf.o)
    0x08002e50   0x00000102   Code   RO         3970    x$fpl$fmul          fz_ws.l(fmul.o)
    0x08002f52   0x0000008c   Code   RO         3983    x$fpl$fnaninf       fz_ws.l(fnaninf.o)
    0x08002fde   0x0000000a   Code   RO         3985    x$fpl$fretinf       fz_ws.l(fretinf.o)
    0x08002fe8   0x00000000   Code   RO         3987    x$fpl$usenofp       fz_ws.l(usenofp.o)
    0x08002fe8   0x00000240   Data   RO         3743    .constdata          oled.o
    0x08003228   0x0000003d   Data   RO         3844    .constdata          tda5235.o
    0x08003265   0x00000003   PAD
    0x08003268   0x00000020   Data   RO         4136    Region$$Table       anon$$obj.o


    Execution Region RW_IRAM1 (Base: 0x20000000, Size: 0x00000840, Max: 0x00005000, ABSOLUTE)

    Base Addr    Size         Type   Attr      Idx    E Section Name        Object

    0x20000000   0x00000014   Data   RW           21    .data               system_stm32f10x.o
    0x20000014   0x00000014   Data   RW         1738    .data               stm32f10x_rcc.o
    0x20000028   0x00000004   Data   RW         3156    .data               delay.o
    0x2000002c   0x00000009   Data   RW         3374    .data               tim.o
    0x20000035   0x00000003   PAD
    0x20000038   0x00000007   Data   RW         3408    .data               usart.o
    0x2000003f   0x00000001   PAD
    0x20000040   0x0000001c   Data   RW         3473    .data               display.o
    0x2000005c   0x0000004b   Data   RW         3633    .data               main.o
    0x200000a7   0x00000001   Data   RW         3845    .data               tda5235.o
    0x200000a8   0x00000080   Zero   RW         3407    .bss                usart.o
    0x20000128   0x00000078   Zero   RW         3632    .bss                main.o
    0x200001a0   0x00000040   Zero   RW         3843    .bss                tda5235.o
    0x200001e0   0x00000060   Zero   RW         4014    .bss                c_w.l(libspace.o)
    0x20000240   0x00000200   Zero   RW          131    HEAP                startup_stm32f10x_md.o
    0x20000440   0x00000400   Zero   RW          130    STACK               startup_stm32f10x_md.o


==============================================================================

Image component sizes


      Code (inc. data)   RO Data    RW Data    ZI Data      Debug   Object Name

       108          0          0          0          0       2105   clock.o
         0          0          0          0          0       4540   core_cm3.o
       122          0          0          0          0       2071   crc.o
       220         26          0          4          0       1771   delay.o
       684         56          0         28          0       7092   display.o
       384         58          0          0          0       2658   iic1.o
       144         12          0          0          0       1044   led.o
      3480        206          0         75        120      12192   main.o
       172         22          0          0          0       2261   misc.o
        84          0          0          0          0        630   mysprintf.o
       520          6        576          0          0       4770   oled.o
       164         18          0          0          0       2133   sp37data.o
       268         18          0          0          0       1817   spi.o
        56         22        236          0       1536        916   startup_stm32f10x_md.o
       160         12          0          0          0       1657   stm32f10x_exti.o
       382         50          0          0          0       6983   stm32f10x_flash.o
       368          4          0          0          0       4575   stm32f10x_gpio.o
       600         98          0         20          0      11154   stm32f10x_rcc.o
       112          0          0          0          0       4126   stm32f10x_spi.o
       252         42          0          0          0       4438   stm32f10x_tim.o
       442          6          0          0          0       6561   stm32f10x_usart.o
        12          0          0          0          0        473   sys.o
         0          0          0         20          0     263984   system_stm32f10x.o
       548         42         61          1         64       5343   tda5235.o
       284         36          0          9          0       2066   tim.o
       376         30          0          7        128       4211   usart.o

    ----------------------------------------------------------------------
      9952        764        908        168       1848     361571   Object Totals
         0          0         32          0          0          0   (incl. Generated)
        10          0          3          4          0          0   (incl. Padding)

    ----------------------------------------------------------------------

      Code (inc. data)   RO Data    RW Data    ZI Data      Debug   Library Member Name

         8          0          0          0          0         68   __main.o
         0          0          0          0          0          0   __rtentry.o
        12          0          0          0          0          0   __rtentry2.o
         6          0          0          0          0          0   __rtentry4.o
        52          8          0          0          0          0   __scatter.o
        26          0          0          0          0          0   __scatter_copy.o
        28          0          0          0          0          0   __scatter_zi.o
        18          0          0          0          0         80   exit.o
         6          0          0          0          0        152   heapauxi.o
         2          0          0          0          0          0   libinit.o
         2          0          0          0          0          0   libinit2.o
         2          0          0          0          0          0   libshutdown.o
         2          0          0          0          0          0   libshutdown2.o
         8          4          0          0         96         68   libspace.o
        78          0          0          0          0         80   rt_memclr_w.o
         2          0          0          0          0          0   rtexit.o
        10          0          0          0          0          0   rtexit2.o
        74          0          0          0          0         80   sys_stackheap_outer.o
         2          0          0          0          0         68   use_no_semi.o
         2          0          0          0          0         68   use_no_semi_2.o
        98          4          0          0          0         92   d2f.o
       688        140          0          0          0        208   ddiv.o
        90          4          0          0          0         92   dfixu.o
        84          0          0          0          0        136   dflt_clz.o
       156          4          0          0          0         92   dnaninf.o
        12          0          0          0          0         68   dretinf.o
        24          0          0          0          0         68   fcmpi.o
        62          4          0          0          0         84   ffixu.o
       104          4          0          0          0         84   fleqf.o
       258          4          0          0          0         84   fmul.o
       140          4          0          0          0         84   fnaninf.o
        10          0          0          0          0         68   fretinf.o
         0          0          0          0          0          0   usenofp.o

    ----------------------------------------------------------------------
      2076        180          0          0         96       1824   Library Totals
        10          0          0          0          0          0   (incl. Padding)

    ----------------------------------------------------------------------

      Code (inc. data)   RO Data    RW Data    ZI Data      Debug   Library Name

       340         12          0          0         96        664   c_w.l
      1726        168          0          0          0       1160   fz_ws.l

    ----------------------------------------------------------------------
      2076        180          0          0         96       1824   Library Totals

    ----------------------------------------------------------------------

==============================================================================


      Code (inc. data)   RO Data    RW Data    ZI Data      Debug   

     12028        944        908        168       1944     356787   Grand Totals
     12028        944        908        168       1944     356787   ELF Image Totals
     12028        944        908        168          0          0   ROM Totals

==============================================================================

    Total RO  Size (Code + RO Data)                12936 (  12.63kB)
    Total RW  Size (RW Data + ZI Data)              2112 (   2.06kB)
    Total ROM Size (Code + RO Data + RW Data)      13104 (  12.80kB)

==============================================================================

